Component: ARM Compiler 5.06 update 7 (build 960) Tool: armlink [4d3601]

==============================================================================

Section Cross References

    startup_stm32h7b0xx.o(RESET) refers to startup_stm32h7b0xx.o(STACK) for __initial_sp
    startup_stm32h7b0xx.o(RESET) refers to startup_stm32h7b0xx.o(.text) for Reset_Handler
    startup_stm32h7b0xx.o(RESET) refers to stm32h7xx_it.o(i.NMI_Handler) for NMI_Handler
    startup_stm32h7b0xx.o(RESET) refers to stm32h7xx_it.o(i.HardFault_Handler) for HardFault_Handler
    startup_stm32h7b0xx.o(RESET) refers to stm32h7xx_it.o(i.MemManage_Handler) for MemManage_Handler
    startup_stm32h7b0xx.o(RESET) refers to stm32h7xx_it.o(i.BusFault_Handler) for BusFault_Handler
    startup_stm32h7b0xx.o(RESET) refers to stm32h7xx_it.o(i.UsageFault_Handler) for UsageFault_Handler
    startup_stm32h7b0xx.o(RESET) refers to port.o(.emb_text) for SVC_Handler
    startup_stm32h7b0xx.o(RESET) refers to stm32h7xx_it.o(i.DebugMon_Handler) for DebugMon_Handler
    startup_stm32h7b0xx.o(RESET) refers to cmsis_os2.o(i.SysTick_Handler) for SysTick_Handler
    startup_stm32h7b0xx.o(RESET) refers to stm32h7xx_it.o(i.TIM1_UP_IRQHandler) for TIM1_UP_IRQHandler
    startup_stm32h7b0xx.o(RESET) refers to timer.o(i.TIM3_IRQHandler) for TIM3_IRQHandler
    startup_stm32h7b0xx.o(RESET) refers to stm32h7xx_it.o(i.USART2_IRQHandler) for USART2_IRQHandler
    startup_stm32h7b0xx.o(RESET) refers to stm32h7xx_it.o(i.SDMMC1_IRQHandler) for SDMMC1_IRQHandler
    startup_stm32h7b0xx.o(RESET) refers to stm32h7xx_it.o(i.DMA2_Stream7_IRQHandler) for DMA2_Stream7_IRQHandler
    startup_stm32h7b0xx.o(RESET) refers to stm32h7xx_it.o(i.DCMI_PSSI_IRQHandler) for DCMI_PSSI_IRQHandler
    startup_stm32h7b0xx.o(.text) refers to system_stm32h7xx.o(i.SystemInit) for SystemInit
    startup_stm32h7b0xx.o(.text) refers to entry.o(.ARM.Collect$$$$00000000) for __main
    main.o(i.HAL_TIM_PeriodElapsedCallback) refers to stm32h7xx_hal.o(i.HAL_IncTick) for HAL_IncTick
    main.o(i.MPU_Config) refers to stm32h7xx_hal_cortex.o(i.HAL_MPU_Disable) for HAL_MPU_Disable
    main.o(i.MPU_Config) refers to stm32h7xx_hal_cortex.o(i.HAL_MPU_ConfigRegion) for HAL_MPU_ConfigRegion
    main.o(i.MPU_Config) refers to stm32h7xx_hal_cortex.o(i.HAL_MPU_Enable) for HAL_MPU_Enable
    main.o(i.RTOS_LED_Task) refers to iic.o(i.SMBus_ReadTemp) for SMBus_ReadTemp
    main.o(i.RTOS_LED_Task) refers to adc.o(i.get_adc_data) for get_adc_data
    main.o(i.RTOS_LED_Task) refers to timer.o(i.TIM_SetTIM3Compare4) for TIM_SetTIM3Compare4
    main.o(i.RTOS_LED_Task) refers to cmsis_os2.o(i.osDelay) for osDelay
    main.o(i.RTOS_LED_Task) refers to main.o(.data) for .data
    main.o(i.RTOS_Main_Task) refers to lcd_identification.o(i.LCD_identification) for LCD_identification
    main.o(i.RTOS_Main_Task) refers to lcd_spi_096.o(i.SPI_LCD_Init) for SPI_LCD_Init
    main.o(i.RTOS_Main_Task) refers to lcd_spi_096.o(i.LCD_SetDirection) for LCD_SetDirection
    main.o(i.RTOS_Main_Task) refers to camera_test.o(i.Camera_Init) for Camera_Init
    main.o(i.RTOS_Main_Task) refers to lcd_test.o(i.LCD_Progress) for LCD_Progress
    main.o(i.RTOS_Main_Task) refers to lcd_spi_096.o(i.LCD_SetColor) for LCD_SetColor
    main.o(i.RTOS_Main_Task) refers to camera_test.o(i.Camera_Work) for Camera_Work
    main.o(i.RTOS_Main_Task) refers to lcd_spi_096.o(i.LCD_DisplayString) for LCD_DisplayString
    main.o(i.RTOS_Main_Task) refers to lcd_spi_096.o(i.LCD_DisplayDecimals) for LCD_DisplayDecimals
    main.o(i.RTOS_Main_Task) refers to lcd_spi_096.o(i.LCD_DrawLine_V) for LCD_DrawLine_V
    main.o(i.RTOS_Main_Task) refers to lcd_spi_096.o(i.LCD_DrawLine_H) for LCD_DrawLine_H
    main.o(i.RTOS_Main_Task) refers to cmsis_os2.o(i.osDelay) for osDelay
    main.o(i.RTOS_Main_Task) refers to main.o(.data) for .data
    main.o(i.RTOS_Msg_Task) refers to syn6288.o(i.SYN_FrameInfo) for SYN_FrameInfo
    main.o(i.RTOS_Msg_Task) refers to cmsis_os2.o(i.osDelay) for osDelay
    main.o(i.RTOS_Msg_Task) refers to main.o(.data) for .data
    main.o(i.SystemClock_Config) refers to memseta.o(.text) for __aeabi_memclr4
    main.o(i.SystemClock_Config) refers to stm32h7xx_hal_pwr_ex.o(i.HAL_PWREx_ConfigSupply) for HAL_PWREx_ConfigSupply
    main.o(i.SystemClock_Config) refers to stm32h7xx_hal_pwr.o(i.HAL_PWR_EnableBkUpAccess) for HAL_PWR_EnableBkUpAccess
    main.o(i.SystemClock_Config) refers to stm32h7xx_hal_rcc.o(i.HAL_RCC_OscConfig) for HAL_RCC_OscConfig
    main.o(i.SystemClock_Config) refers to stm32h7xx_hal_rcc.o(i.HAL_RCC_ClockConfig) for HAL_RCC_ClockConfig
    main.o(i.SystemClock_Config) refers to stm32h7xx_hal_rcc_ex.o(i.HAL_RCCEx_PeriphCLKConfig) for HAL_RCCEx_PeriphCLKConfig
    main.o(i.main) refers to main.o(i.MPU_Config) for MPU_Config
    main.o(i.main) refers to stm32h7xx_hal.o(i.HAL_Init) for HAL_Init
    main.o(i.main) refers to main.o(i.SystemClock_Config) for SystemClock_Config
[...]
    LCD_DrawLine_H                           0x08007f91   Thumb Code    56  lcd_spi_096.o(i.LCD_DrawLine_H)
    LCD_DrawLine_V                           0x08007fd1   Thumb Code    54  lcd_spi_096.o(i.LCD_DrawLine_V)
    LCD_Printf                               0x08008011   Thumb Code    78  lcd_test.o(i.LCD_Printf)
    LCD_Progress                             0x08008075   Thumb Code   208  lcd_test.o(i.LCD_Progress)
    LCD_ReadID                               0x08008169   Thumb Code   194  lcd_identification.o(i.LCD_ReadID)
    LCD_Read_Bus                             0x08008231   Thumb Code    72  lcd_identification.o(i.LCD_Read_Bus)
    LCD_SPI_Transmit                         0x0800827d   Thumb Code   334  lcd_spi_096.o(i.LCD_SPI_Transmit)
    LCD_SPI_TransmitBuffer                   0x080083cb   Thumb Code   286  lcd_spi_096.o(i.LCD_SPI_TransmitBuffer)
    LCD_SetAddress                           0x080084e9   Thumb Code    78  lcd_spi_096.o(i.LCD_SetAddress)
    LCD_SetBackColor                         0x0800853d   Thumb Code    30  lcd_spi_096.o(i.LCD_SetBackColor)
    LCD_SetColor                             0x08008561   Thumb Code    30  lcd_spi_096.o(i.LCD_SetColor)
    LCD_SetDirection                         0x08008585   Thumb Code   362  lcd_spi_096.o(i.LCD_SetDirection)
    LCD_SetTextFont                          0x080086fd   Thumb Code    50  lcd_spi_096.o(i.LCD_SetTextFont)
    LCD_Writ_Bus                             0x08008749   Thumb Code    96  lcd_identification.o(i.LCD_Writ_Bus)
    LCD_WriteBuff                            0x080087ad   Thumb Code    56  lcd_spi_096.o(i.LCD_WriteBuff)
    LCD_WriteCommand                         0x080087ed   Thumb Code    30  lcd_spi_096.o(i.LCD_WriteCommand)
    LCD_WriteData_16bit                      0x08008815   Thumb Code    40  lcd_spi_096.o(i.LCD_WriteData_16bit)
    LCD_WriteData_8bit                       0x08008845   Thumb Code    28  lcd_spi_096.o(i.LCD_WriteData_8bit)
    LCD_identification                       0x08008869   Thumb Code   108  lcd_identification.o(i.LCD_identification)
    LED_Init                                 0x080088f9   Thumb Code    70  led.o(i.LED_Init)
    MPU_Config                               0x0800898f   Thumb Code    74  main.o(i.MPU_Config)
    MX_ADC1_Init                             0x080089d9   Thumb Code   128  adc.o(i.MX_ADC1_Init)
    MX_DCMI_Init                             0x08008a65   Thumb Code    58  dcmi_ov2640.o(i.MX_DCMI_Init)
    MX_OCTOSPI1_Init                         0x08008aa9   Thumb Code   114  ospi_w25q64.o(i.MX_OCTOSPI1_Init)
    MX_RTC_Init                              0x08008b25   Thumb Code    34  rtc.o(i.MX_RTC_Init)
    MX_SDMMC1_SD_Init                        0x08008b51   Thumb Code    38  sdmmc_sd.o(i.MX_SDMMC1_SD_Init)
    MX_SPI4_Init                             0x08008b7d   Thumb Code    86  lcd_spi_096.o(i.MX_SPI4_Init)
    MY_SPI_CloseTransfer                     0x08008be1   Thumb Code   188  lcd_spi_096.o(i.MY_SPI_CloseTransfer)
    MY_SPI_WaitOnFlagUntilTimeout            0x08008c9d   Thumb Code    66  lcd_spi_096.o(i.MY_SPI_WaitOnFlagUntilTimeout)
    MemManage_Handler                        0x08008cdf   Thumb Code     2  stm32h7xx_it.o(i.MemManage_Handler)
    NMI_Handler                              0x08008ce1   Thumb Code     2  stm32h7xx_it.o(i.NMI_Handler)
    OSPI_W25Qxx_Init                         0x08008f95   Thumb Code    40  ospi_w25q64.o(i.OSPI_W25Qxx_Init)
    OSPI_W25Qxx_ReadID                       0x08008ff5   Thumb Code    94  ospi_w25q64.o(i.OSPI_W25Qxx_ReadID)
    OV2640_Config                            0x080090a1   Thumb Code    30  dcmi_ov2640.o(i.OV2640_Config)
    OV2640_DCMI_Crop                         0x080090c1   Thumb Code    64  dcmi_ov2640.o(i.OV2640_DCMI_Crop)
    OV2640_DMA_Init                          0x08009105   Thumb Code    94  dcmi_ov2640.o(i.OV2640_DMA_Init)
    OV2640_DMA_Transmit_Continuous           0x08009171   Thumb Code    38  dcmi_ov2640.o(i.OV2640_DMA_Transmit_Continuous)
    OV2640_Delay                             0x0800919d   Thumb Code    48  dcmi_ov2640.o(i.OV2640_Delay)
    OV2640_ReadID                            0x080091cd   Thumb Code    30  dcmi_ov2640.o(i.OV2640_ReadID)
    OV2640_Reset                             0x080091ed   Thumb Code    52  dcmi_ov2640.o(i.OV2640_Reset)
    OV2640_Set_Framesize                     0x08009225   Thumb Code    76  dcmi_ov2640.o(i.OV2640_Set_Framesize)
    OV5640_AF_Download_Firmware              0x08009271   Thumb Code    96  dcmi_ov5640.o(i.OV5640_AF_Download_Firmware)
    OV5640_AF_Trigger_Constant               0x08009325   Thumb Code    10  dcmi_ov5640.o(i.OV5640_AF_Trigger_Constant)
    OV5640_Config                            0x08009331   Thumb Code    36  dcmi_ov5640.o(i.OV5640_Config)
    OV5640_DCMI_Crop                         0x08009359   Thumb Code    64  dcmi_ov5640.o(i.OV5640_DCMI_Crop)
    OV5640_DMA_Init                          0x0800939d   Thumb Code    92  dcmi_ov5640.o(i.OV5640_DMA_Init)
    OV5640_DMA_Transmit_Continuous           0x08009409   Thumb Code    36  dcmi_ov5640.o(i.OV5640_DMA_Transmit_Continuous)
    OV5640_Delay                             0x08009435   Thumb Code    44  dcmi_ov5640.o(i.OV5640_Delay)
    OV5640_ReadID                            0x08009461   Thumb Code    26  dcmi_ov5640.o(i.OV5640_ReadID)
    OV5640_Reset                             0x0800947d   Thumb Code    62  dcmi_ov5640.o(i.OV5640_Reset)
    OV5640_Set_Framesize                     0x080094c1   Thumb Code    78  dcmi_ov5640.o(i.OV5640_Set_Framesize)
    OV5640_Set_Horizontal_Mirror             0x0800950f   Thumb Code    38  dcmi_ov5640.o(i.OV5640_Set_Horizontal_Mirror)
    OV5640_Set_Vertical_Flip                 0x08009535   Thumb Code    38  dcmi_ov5640.o(i.OV5640_Set_Vertical_Flip)
    PEC_Calculation                          0x0800955d   Thumb Code   172  iic.o(i.PEC_Calculation)
    PY_usDelayOptimize                       0x08009609   Thumb Code    52  iic.o(i.PY_usDelayOptimize)
    PY_usDelayTest                           0x08009649   Thumb Code    54  iic.o(i.PY_usDelayTest)
    RTC_EnterInitMode                        0x080098cd   Thumb Code    70  stm32h7xx_hal_rtc.o(i.RTC_EnterInitMode)
    RTC_ExitInitMode                         0x08009915   Thumb Code    78  stm32h7xx_hal_rtc.o(i.RTC_ExitInitMode)
    RTOS_LED_Task                            0x08009969   Thumb Code    92  main.o(i.RTOS_LED_Task)
    RTOS_Main_Task                           0x080099d1   Thumb Code   294  main.o(i.RTOS_Main_Task)
    RTOS_Msg_Task                            0x08009b09   Thumb Code    56  main.o(i.RTOS_Msg_Task)
    SCCB_ACK                                 0x08009b61   Thumb Code    88  sccb.o(i.SCCB_ACK)
    SCCB_Delay                               0x08009bbd   Thumb Code    40  sccb.o(i.SCCB_Delay)
    SCCB_GPIO_Config                         0x08009be5   Thumb Code   114  sccb.o(i.SCCB_GPIO_Config)
    SCCB_NoACK                               0x08009c61   Thumb Code    76  sccb.o(i.SCCB_NoACK)
    SCCB_ReadByte                            0x08009cb1   Thumb Code   104  sccb.o(i.SCCB_ReadByte)
    SCCB_ReadReg                             0x08009d1d   Thumb Code    52  sccb.o(i.SCCB_ReadReg)
    SCCB_ReadReg_16Bit                       0x08009d51   Thumb Code    52  sccb.o(i.SCCB_ReadReg_16Bit)
    SCCB_Start                               0x08009d85   Thumb Code    70  sccb.o(i.SCCB_Start)
    SCCB_Stop                                0x08009dd1   Thumb Code    78  sccb.o(i.SCCB_Stop)
    SCCB_WaitACK                             0x08009e25   Thumb Code    88  sccb.o(i.SCCB_WaitACK)
    SCCB_WriteBuffer_16Bit                   0x08009e81   Thumb Code    46  sccb.o(i.SCCB_WriteBuffer_16Bit)
    SCCB_WriteByte                           0x08009eb1   Thumb Code   102  sccb.o(i.SCCB_WriteByte)
    SCCB_WriteHandle                         0x08009f1d   Thumb Code    28  sccb.o(i.SCCB_WriteHandle)
    SCCB_WriteHandle_16Bit                   0x08009f39   Thumb Code    38  sccb.o(i.SCCB_WriteHandle_16Bit)
    SCCB_WriteReg                            0x08009f5f   Thumb Code    32  sccb.o(i.SCCB_WriteReg)
    SCCB_WriteReg_16Bit                      0x08009f7f   Thumb Code    32  sccb.o(i.SCCB_WriteReg_16Bit)
    SDMMC1_IRQHandler                        0x08009f9f   Thumb Code     6  stm32h7xx_it.o(i.SDMMC1_IRQHandler)
    SDMMC_CmdAppCommand                      0x08009fa5   Thumb Code    52  stm32h7xx_ll_sdmmc.o(i.SDMMC_CmdAppCommand)
    SDMMC_CmdAppOperCommand                  0x08009fd9   Thumb Code    46  stm32h7xx_ll_sdmmc.o(i.SDMMC_CmdAppOperCommand)
    SDMMC_CmdBlockLength                     0x0800a007   Thumb Code    50  stm32h7xx_ll_sdmmc.o(i.SDMMC_CmdBlockLength)
    SDMMC_CmdBusWidth                        0x0800a039   Thumb Code    52  stm32h7xx_ll_sdmmc.o(i.SDMMC_CmdBusWidth)
    SDMMC_CmdGoIdleState                     0x0800a06d   Thumb Code    74  stm32h7xx_ll_sdmmc.o(i.SDMMC_CmdGoIdleState)
    SDMMC_CmdOperCond                        0x0800a0c1   Thumb Code    40  stm32h7xx_ll_sdmmc.o(i.SDMMC_CmdOperCond)
    SDMMC_CmdSelDesel                        0x0800a0e9   Thumb Code    52  stm32h7xx_ll_sdmmc.o(i.SDMMC_CmdSelDesel)
    SDMMC_CmdSendCID                         0x0800a11d   Thumb Code    44  stm32h7xx_ll_sdmmc.o(i.SDMMC_CmdSendCID)
    SDMMC_CmdSendCSD                         0x0800a149   Thumb Code    48  stm32h7xx_ll_sdmmc.o(i.SDMMC_CmdSendCSD)
    SDMMC_CmdSendSCR                         0x0800a179   Thumb Code    50  stm32h7xx_ll_sdmmc.o(i.SDMMC_CmdSendSCR)
    SDMMC_CmdSendStatus                      0x0800a1ab   Thumb Code    52  stm32h7xx_ll_sdmmc.o(i.SDMMC_CmdSendStatus)
    SDMMC_CmdSetRelAdd                       0x0800a1df   Thumb Code    50  stm32h7xx_ll_sdmmc.o(i.SDMMC_CmdSetRelAdd)
    SDMMC_CmdStatusRegister                  0x0800a211   Thumb Code    50  stm32h7xx_ll_sdmmc.o(i.SDMMC_CmdStatusRegister)
    SDMMC_CmdStopTransfer                    0x0800a245   Thumb Code    78  stm32h7xx_ll_sdmmc.o(i.SDMMC_CmdStopTransfer)
    SDMMC_CmdSwitch                          0x0800a299   Thumb Code    52  stm32h7xx_ll_sdmmc.o(i.SDMMC_CmdSwitch)
    SDMMC_ConfigData                         0x0800a2cd   Thumb Code    38  stm32h7xx_ll_sdmmc.o(i.SDMMC_ConfigData)
    SDMMC_GetCmdResp1                        0x0800a2f5   Thumb Code   280  stm32h7xx_ll_sdmmc.o(i.SDMMC_GetCmdResp1)
    SDMMC_GetCmdResp2                        0x0800a419   Thumb Code    76  stm32h7xx_ll_sdmmc.o(i.SDMMC_GetCmdResp2)
    SDMMC_GetCmdResp3                        0x0800a46d   Thumb Code    62  stm32h7xx_ll_sdmmc.o(i.SDMMC_GetCmdResp3)
    SDMMC_GetCmdResp6                        0x0800a4b5   Thumb Code   130  stm32h7xx_ll_sdmmc.o(i.SDMMC_GetCmdResp6)
    SDMMC_GetCmdResp7                        0x0800a541   Thumb Code    82  stm32h7xx_ll_sdmmc.o(i.SDMMC_GetCmdResp7)
    SDMMC_GetPowerState                      0x0800a599   Thumb Code     8  stm32h7xx_ll_sdmmc.o(i.SDMMC_GetPowerState)
    SDMMC_GetResponse                        0x0800a5a1   Thumb Code     6  stm32h7xx_ll_sdmmc.o(i.SDMMC_GetResponse)
    SDMMC_Init                               0x0800a5a9   Thumb Code    28  stm32h7xx_ll_sdmmc.o(i.SDMMC_Init)
    SDMMC_PowerState_ON                      0x0800a5c9   Thumb Code    12  stm32h7xx_ll_sdmmc.o(i.SDMMC_PowerState_ON)
    SDMMC_ReadFIFO                           0x0800a5d5   Thumb Code     6  stm32h7xx_ll_sdmmc.o(i.SDMMC_ReadFIFO)
    SDMMC_SendCommand                        0x0800a5dd   Thumb Code    34  stm32h7xx_ll_sdmmc.o(i.SDMMC_SendCommand)
    SDMMC_WriteFIFO                          0x0800a605   Thumb Code    10  stm32h7xx_ll_sdmmc.o(i.SDMMC_WriteFIFO)
    SMBus_Delay                              0x0800ab15   Thumb Code    38  iic.o(i.SMBus_Delay)
    SMBus_Init                               0x0800ab41   Thumb Code    70  iic.o(i.SMBus_Init)
    SMBus_ReadMemory                         0x0800ab91   Thumb Code   142  iic.o(i.SMBus_ReadMemory)
    SMBus_ReadTemp                           0x0800ac21   Thumb Code    36  iic.o(i.SMBus_ReadTemp)
    SMBus_ReceiveBit                         0x0800ac55   Thumb Code    72  iic.o(i.SMBus_ReceiveBit)
    SMBus_ReceiveByte                        0x0800aca1   Thumb Code    50  iic.o(i.SMBus_ReceiveByte)
    SMBus_SendBit                            0x0800acd5   Thumb Code    62  iic.o(i.SMBus_SendBit)
    SMBus_SendByte                           0x0800ad19   Thumb Code    42  iic.o(i.SMBus_SendByte)
    SMBus_StartBit                           0x0800ad45   Thumb Code    72  iic.o(i.SMBus_StartBit)
    SMBus_StopBit                            0x0800ad91   Thumb Code    66  iic.o(i.SMBus_StopBit)
    SPI_LCD_Init                             0x0800ae95   Thumb Code   968  lcd_spi_096.o(i.SPI_LCD_Init)
    SPI_MOSI_InPut                           0x0800b271   Thumb Code    40  lcd_identification.o(i.SPI_MOSI_InPut)
    SPI_MOSI_OutPut                          0x0800b29d   Thumb Code    38  lcd_identification.o(i.SPI_MOSI_OutPut)
    SYN_FrameInfo                            0x0800b30d   Thumb Code   114  syn6288.o(i.SYN_FrameInfo)
    SysTick_Handler                          0x0800b37f   Thumb Code    26  cmsis_os2.o(i.SysTick_Handler)
    SystemClock_Config                       0x0800b399   Thumb Code   212  main.o(i.SystemClock_Config)
    SystemInit                               0x0800b479   Thumb Code   158  system_stm32h7xx.o(i.SystemInit)
    TIM1_UP_IRQHandler                       0x0800b539   Thumb Code     6  stm32h7xx_it.o(i.TIM1_UP_IRQHandler)
    TIM3_IRQHandler                          0x0800b545   Thumb Code     6  timer.o(i.TIM3_IRQHandler)
    TIM3_PWM_Init                            0x0800b551   Thumb Code    62  timer.o(i.TIM3_PWM_Init)
    TIM_Base_SetConfig                       0x0800b599   Thumb Code   162  stm32h7xx_hal_tim.o(i.TIM_Base_SetConfig)
    TIM_CCxChannelCmd                        0x0800b65d   Thumb Code    26  stm32h7xx_hal_tim.o(i.TIM_CCxChannelCmd)
    TIM_OC2_SetConfig                        0x0800b721   Thumb Code   126  stm32h7xx_hal_tim.o(i.TIM_OC2_SetConfig)
    TIM_SetTIM3Compare4                      0x0800b9b1   Thumb Code     6  timer.o(i.TIM_SetTIM3Compare4)
    UART_AdvFeatureConfig                    0x0800ba01   Thumb Code   200  stm32h7xx_hal_uart.o(i.UART_AdvFeatureConfig)
    UART_CheckIdleState                      0x0800bac9   Thumb Code    96  stm32h7xx_hal_uart.o(i.UART_CheckIdleState)
    UART_SetConfig                           0x0800bfc1   Thumb Code   914  stm32h7xx_hal_uart.o(i.UART_SetConfig)
    UART_Start_Receive_IT                    0x0800c39d   Thumb Code   262  stm32h7xx_hal_uart.o(i.UART_Start_Receive_IT)
    UART_WaitOnFlagUntilTimeout              0x0800c4b5   Thumb Code   202  stm32h7xx_hal_uart.o(i.UART_WaitOnFlagUntilTimeout)
    USART1_Init                              0x0800c581   Thumb Code    66  usart.o(i.USART1_Init)
    USART1_SendData                          0x0800c5cd   Thumb Code    16  usart.o(i.USART1_SendData)
    USART1_SendString                        0x0800c5e1   Thumb Code    30  usart.o(i.USART1_SendString)
    USART2_IRQHandler                        0x0800c601   Thumb Code     6  stm32h7xx_it.o(i.USART2_IRQHandler)
    USART2_Init                              0x0800c60d   Thumb Code    76  usart.o(i.USART2_Init)
    UsageFault_Handler                       0x0800c665   Thumb Code     2  stm32h7xx_it.o(i.UsageFault_Handler)
    __0printf                                0x0800c669   Thumb Code    22  printfa.o(i.__0printf)
    __1printf                                0x0800c669   Thumb Code     0  printfa.o(i.__0printf)
    __2printf                                0x0800c669   Thumb Code     0  printfa.o(i.__0printf)
    __c89printf                              0x0800c669   Thumb Code     0  printfa.o(i.__0printf)
    printf                                   0x0800c669   Thumb Code     0  printfa.o(i.__0printf)
    __0sprintf                               0x0800c689   Thumb Code    34  printfa.o(i.__0sprintf)
    __1sprintf                               0x0800c689   Thumb Code     0  printfa.o(i.__0sprintf)
    __2sprintf                               0x0800c689   Thumb Code     0  printfa.o(i.__0sprintf)
    __c89sprintf                             0x0800c689   Thumb Code     0  printfa.o(i.__0sprintf)
    sprintf                                  0x0800c689   Thumb Code     0  printfa.o(i.__0sprintf)
    __scatterload_copy                       0x0800c6d3   Thumb Code    14  handlers.o(i.__scatterload_copy)
    __scatterload_null                       0x0800c6e1   Thumb Code     2  handlers.o(i.__scatterload_null)
    __scatterload_zeroinit                   0x0800c6e3   Thumb Code    14  handlers.o(i.__scatterload_zeroinit)
    fputc                                    0x0800cf85   Thumb Code    18  usart.o(i.fputc)
    get_adc_data                             0x0800cf9d   Thumb Code    82  adc.o(i.get_adc_data)
    main                                     0x0800d009   Thumb Code   242  main.o(i.main)
    osDelay                                  0x0800d11d   Thumb Code    28  cmsis_os2.o(i.osDelay)
    osKernelInitialize                       0x0800d139   Thumb Code    32  cmsis_os2.o(i.osKernelInitialize)
    osKernelStart                            0x0800d15d   Thumb Code    48  cmsis_os2.o(i.osKernelStart)
    osThreadNew                              0x0800d195   Thumb Code   144  cmsis_os2.o(i.osThreadNew)
    pvPortMalloc                             0x0800d9bd   Thumb Code   216  heap_4.o(i.pvPortMalloc)
    pxPortInitialiseStack                    0x0800da99   Thumb Code    42  port.o(i.pxPortInitialiseStack)
    uxListRemove                             0x0800dac9   Thumb Code    38  list.o(i.uxListRemove)
    vApplicationGetIdleTaskMemory            0x0800daf1   Thumb Code    18  cmsis_os2.o(i.vApplicationGetIdleTaskMemory)
    vApplicationGetTimerTaskMemory           0x0800db09   Thumb Code    20  cmsis_os2.o(i.vApplicationGetTimerTaskMemory)
    vListInitialise                          0x0800db21   Thumb Code    22  list.o(i.vListInitialise)
    vListInitialiseItem                      0x0800db37   Thumb Code     6  list.o(i.vListInitialiseItem)
    vListInsert                              0x0800db3d   Thumb Code    48  list.o(i.vListInsert)
    vListInsertEnd                           0x0800db6d   Thumb Code    24  list.o(i.vListInsertEnd)
    vPortEnterCritical                       0x0800db85   Thumb Code    54  port.o(i.vPortEnterCritical)
    vPortExitCritical                        0x0800dbc5   Thumb Code    34  port.o(i.vPortExitCritical)
    vPortFree                                0x0800dbed   Thumb Code    94  heap_4.o(i.vPortFree)
    vPortSetupTimerInterrupt                 0x0800dc51   Thumb Code    32  port.o(i.vPortSetupTimerInterrupt)
    vPortValidateInterruptPriority           0x0800dc75   Thumb Code    74  port.o(i.vPortValidateInterruptPriority)
    vQueueAddToRegistry                      0x0800dcc9   Thumb Code    34  queue.o(i.vQueueAddToRegistry)
    vQueueWaitForMessageRestricted           0x0800dcf1   Thumb Code    68  queue.o(i.vQueueWaitForMessageRestricted)
    vTaskDelay                               0x0800dd35   Thumb Code    66  tasks.o(i.vTaskDelay)
    vTaskInternalSetTimeOutState             0x0800dd81   Thumb Code    12  tasks.o(i.vTaskInternalSetTimeOutState)
    vTaskMissedYield                         0x0800dd91   Thumb Code     8  tasks.o(i.vTaskMissedYield)
    vTaskPlaceOnEventList                    0x0800dd9d   Thumb Code    44  tasks.o(i.vTaskPlaceOnEventList)
    vTaskPlaceOnEventListRestricted          0x0800ddcd   Thumb Code    52  tasks.o(i.vTaskPlaceOnEventListRestricted)
    vTaskStartScheduler                      0x0800de05   Thumb Code   118  tasks.o(i.vTaskStartScheduler)
    vTaskSuspendAll                          0x0800de8d   Thumb Code    10  tasks.o(i.vTaskSuspendAll)
    vTaskSwitchContext                       0x0800de9d   Thumb Code    90  tasks.o(i.vTaskSwitchContext)
    xPortStartScheduler                      0x0800df01   Thumb Code   222  port.o(i.xPortStartScheduler)
    xPortSysTickHandler                      0x0800dff5   Thumb Code    38  port.o(i.xPortSysTickHandler)
    xQueueGenericCreateStatic                0x0800e021   Thumb Code   102  queue.o(i.xQueueGenericCreateStatic)
    xQueueGenericReset                       0x0800e089   Thumb Code   144  queue.o(i.xQueueGenericReset)
    xQueueGenericSend                        0x0800e11d   Thumb Code   346  queue.o(i.xQueueGenericSend)
    xQueueGenericSendFromISR                 0x0800e27d   Thumb Code   190  queue.o(i.xQueueGenericSendFromISR)
    xQueueReceive                            0x0800e33d   Thumb Code   310  queue.o(i.xQueueReceive)
    xTaskCheckForTimeOut                     0x0800e479   Thumb Code   116  tasks.o(i.xTaskCheckForTimeOut)
    xTaskCreate                              0x0800e4f1   Thumb Code    90  tasks.o(i.xTaskCreate)
    xTaskCreateStatic                        0x0800e54b   Thumb Code    86  tasks.o(i.xTaskCreateStatic)
    xTaskGetSchedulerState                   0x0800e5a1   Thumb Code    22  tasks.o(i.xTaskGetSchedulerState)
    xTaskGetTickCount                        0x0800e5bd   Thumb Code     6  tasks.o(i.xTaskGetTickCount)
    xTaskIncrementTick                       0x0800e5c9   Thumb Code   192  tasks.o(i.xTaskIncrementTick)
    xTaskPriorityDisinherit                  0x0800e691   Thumb Code   116  tasks.o(i.xTaskPriorityDisinherit)
    xTaskRemoveFromEventList                 0x0800e70d   Thumb Code   100  tasks.o(i.xTaskRemoveFromEventList)
    xTaskResumeAll                           0x0800e77d   Thumb Code   184  tasks.o(i.xTaskResumeAll)
    xTimerCreateTimerTask                    0x0800e841   Thumb Code    78  timers.o(i.xTimerCreateTimerTask)
    xTimerGenericCommand                     0x0800e8a1   Thumb Code    98  timers.o(i.xTimerGenericCommand)
    Main_Task_Attr                           0x0800e908   Data          36  main.o(.constdata)
    Msg_Task_Attr                            0x0800e92c   Data          36  main.o(.constdata)
    LED_Task_Attr                            0x0800e950   Data          36  main.o(.constdata)
    Chinese_1616                             0x0800e974   Data         704  lcd_fonts.o(.constdata)
    Chinese_2424                             0x0800ec34   Data        2160  lcd_fonts.o(.constdata)
    ASCII_3216_Table                         0x0800f4a4   Data        6080  lcd_fonts.o(.constdata)
    ASCII_2412_Table                         0x08010c64   Data        4560  lcd_fonts.o(.constdata)
    ASCII_2010_Table                         0x08011e34   Data        3800  lcd_fonts.o(.constdata)
    ASCII_1608_Table                         0x08012d0c   Data        1520  lcd_fonts.o(.constdata)
    ASCII_1206_Table                         0x080132fc   Data        1140  lcd_fonts.o(.constdata)
    OV2640_RGB565_Config                     0x08013770   Data          12  dcmi_ov2640.o(.constdata)
    OV2640_JPEG_Config                       0x0801377c   Data          14  dcmi_ov2640.o(.constdata)
    OV2640_SVGA_Config                       0x0801378a   Data         352  dcmi_ov2640.o(.constdata)
    OV5640_Brightness_Config                 0x080138ea   Data          18  dcmi_ov5640.o(.constdata)
    OV5640_Contrast_Config                   0x080138fc   Data          14  dcmi_ov5640.o(.constdata)
    OV5640_Effect_Config                     0x0801390a   Data          16  dcmi_ov5640.o(.constdata)
    OV5640_INIT_Config                       0x0801391a   Data        1016  dcmi_ov5640.o(.constdata)
    OV5640_AF_Firmware                       0x08013d12   Data        4077  dcmi_ov5640.o(.constdata)
    UARTPrescTable                           0x08014d08   Data          24  stm32h7xx_hal_uart.o(.constdata)
    D1CorePrescTable                         0x08014d30   Data          16  system_stm32h7xx.o(.constdata)
    Region$$Table$$Base                      0x08014d40   Number         0  anon$$obj.o(Region$$Table)
    Region$$Table$$Limit                     0x08014d60   Number         0  anon$$obj.o(Region$$Table)
    show_flag                                0x20000000   Data           2  main.o(.data)
    Main_Task_Id                             0x20000004   Data           4  main.o(.data)
    Msg_Task_Id                              0x20000008   Data           4  main.o(.data)
    LED_Task_Id                              0x2000000c   Data           4  main.o(.data)
    tem                                      0x20000010   Data           4  main.o(.data)
    light                                    0x20000014   Data           4  main.o(.data)
    W25Qxx_TestAddr                          0x2000001c   Data           4  memory_test.o(.data)
    OSPI_Status                              0x20000020   Data           4  memory_test.o(.data)
    SD_Status                                0x20000024   Data           4  memory_test.o(.data)
    Camera_panle                             0x20000028   Data           1  camera_test.o(.data)
    LCD_FPS_X                                0x2000002a   Data           2  camera_test.o(.data)
    LCD_FPS_Y                                0x2000002c   Data           2  camera_test.o(.data)
    Uart2_Rx_Cnt                             0x2000002e   Data           1  usart.o(.data)
    aUart2RxBuffer                           0x2000002f   Data           1  usart.o(.data)
    LCD_Width                                0x20000030   Data           2  lcd_spi_096.o(.data)
    LCD_Height                               0x20000032   Data           2  lcd_spi_096.o(.data)
    CH_Font16                                0x2000003c   Data          12  lcd_fonts.o(.data)
    CH_Font24                                0x20000048   Data          12  lcd_fonts.o(.data)
    ASCII_Font32                             0x20000054   Data          12  lcd_fonts.o(.data)
    ASCII_Font24                             0x20000060   Data          12  lcd_fonts.o(.data)
    ASCII_Font20                             0x2000006c   Data          12  lcd_fonts.o(.data)
    ASCII_Font16                             0x20000078   Data          12  lcd_fonts.o(.data)
    ASCII_Font12                             0x20000084   Data          12  lcd_fonts.o(.data)
    lcd_panle                                0x20000090   Data           1  lcd_identification.o(.data)
    DCMI_FrameState                          0x20000094   Data           1  dcmi_ov2640.o(.data)
    OV2640_FPS                               0x20000096   Data           1  dcmi_ov2640.o(.data)
    Display_Width                            0x20000098   Data           2  dcmi_ov2640.o(.data)
    Display_Height                           0x2000009a   Data           2  dcmi_ov2640.o(.data)
    uwTickFreq                               0x200000a0   Data           1  stm32h7xx_hal.o(.data)
    uwTickPrio                               0x200000a4   Data           4  stm32h7xx_hal.o(.data)
    uwTick                                   0x200000a8   Data           4  stm32h7xx_hal.o(.data)
    SystemCoreClock                          0x200000ac   Data           4  system_stm32h7xx.o(.data)
    SystemD2Clock                            0x200000b0   Data           4  system_stm32h7xx.o(.data)
    pxCurrentTCB                             0x200000b4   Data           4  tasks.o(.data)
    usDelayBase                              0x20000134   Data           4  iic.o(.data)
    __stdout                                 0x20000138   Data           4  stdout.o(.data)
    Time_Struct                              0x2000013c   Data          20  main.o(.bss)
    htim1                                    0x20000150   Data          76  stm32h7xx_hal_timebase_tim.o(.bss)
    huart1                                   0x20000200   Data         144  usart.o(.bss)
    huart2                                   0x20000290   Data         144  usart.o(.bss)
    Uart2RxBuffer                            0x20000320   Data         256  usart.o(.bss)
    hrtc                                     0x20000420   Data          40  rtc.o(.bss)
    hospi1                                   0x20000448   Data          96  ospi_w25q64.o(.bss)
    hsd_sdmmc                                0x200004a8   Data         124  sdmmc_sd.o(.bss)
    hspi4                                    0x20000524   Data         136  lcd_spi_096.o(.bss)
    LCD_Buff                                 0x200005ac   Data        2048  lcd_spi_096.o(.bss)
    LCD                                      0x20000dac   Data          16  lcd_spi_096.o(.bss)
    hdcmi                                    0x20000dbc   Data          80  dcmi_ov2640.o(.bss)
    DMA_Handle_dcmi                          0x20000e0c   Data         120  dcmi_ov2640.o(.bss)
    xQueueRegistry                           0x20000e84   Data          64  queue.o(.bss)
    hadc1                                    0x20005758   Data         100  adc.o(.bss)
    TIM3_Handler                             0x200057bc   Data          76  timer.o(.bss)
    TIM3_CH4Handler                          0x20005808   Data          28  timer.o(.bss)
    __initial_sp                             0x20009828   Data           0  startup_stm32h7b0xx.o(STACK)



==============================================================================

Memory Map of the image

  Image Entry point : 0x080002ad

  Load Region LR_IROM1 (Base: 0x08000000, Size: 0x00014e9c, Max: 0x00200000, ABSOLUTE, COMPRESSED[0x00014dbc])

    Execution Region ER_IROM1 (Exec base: 0x08000000, Load base: 0x08000000, Size: 0x00014d60, Max: 0x00200000, ABSOLUTE)

    Exec Addr    Load Addr    Size         Type   Attr      Idx    E Section Name        Object

    0x08000000   0x08000000   0x000002ac   Data   RO            3    RESET               startup_stm32h7b0xx.o
    0x080002ac   0x080002ac   0x00000000   Code   RO        10410  * .ARM.Collect$$$$00000000  mc_w.l(entry.o)
    0x080002ac   0x080002ac   0x00000004   Code   RO        10686    .ARM.Collect$$$$00000001  mc_w.l(entry2.o)
    0x080002b0   0x080002b0   0x00000004   Code   RO        10689    .ARM.Collect$$$$00000004  mc_w.l(entry5.o)
    0x080002b4   0x080002b4   0x00000000   Code   RO        10691    .ARM.Collect$$$$00000008  mc_w.l(entry7b.o)
    0x080002b4   0x080002b4   0x00000000   Code   RO        10693    .ARM.Collect$$$$0000000A  mc_w.l(entry8b.o)
    0x080002b4   0x080002b4   0x00000008   Code   RO        10694    .ARM.Collect$$$$0000000B  mc_w.l(entry9a.o)
    0x080002bc   0x080002bc   0x00000004   Code   RO        10701    .ARM.Collect$$$$0000000E  mc_w.l(entry12b.o)
    0x080002c0   0x080002c0   0x00000000   Code   RO        10696    .ARM.Collect$$$$0000000F  mc_w.l(entry10a.o)
    0x080002c0   0x080002c0   0x00000000   Code   RO        10698    .ARM.Collect$$$$00000011  mc_w.l(entry11a.o)
    0x080002c0   0x080002c0   0x00000004   Code   RO        10687    .ARM.Collect$$$$00002712  mc_w.l(entry2.o)
    0x080002c4   0x080002c4   0x000000be   Code   RO        10096    .emb_text           port.o
    0x08000382   0x08000382   0x00000002   PAD
    0x08000384   0x08000384   0x00000024   Code   RO            4    .text               startup_stm32h7b0xx.o
    0x080003a8   0x080003a8   0x00000062   Code   RO        10413    .text               mc_w.l(uldiv.o)
    0x0800040a   0x0800040a   0x00000024   Code   RO        10415    .text               mc_w.l(memcpya.o)
    0x0800042e   0x0800042e   0x00000024   Code   RO        10419    .text               mc_w.l(memseta.o)
    0x08000452   0x08000452   0x0000000e   Code   RO        10421    .text               mc_w.l(strlen.o)
    0x08000460   0x08000460   0x0000002c   Code   RO        10703    .text               mc_w.l(uidiv.o)
    0x0800048c   0x0800048c   0x0000001e   Code   RO        10705    .text               mc_w.l(llshl.o)
    0x080004aa   0x080004aa   0x00000020   Code   RO        10707    .text               mc_w.l(llushr.o)
    0x080004ca   0x080004ca   0x00000000   Code   RO        10709    .text               mc_w.l(iusefp.o)
    0x080004ca   0x080004ca   0x0000014e   Code   RO        10710    .text               mf_w.l(dadd.o)
    0x08000618   0x08000618   0x000000e4   Code   RO        10712    .text               mf_w.l(dmul.o)
    0x080006fc   0x080006fc   0x000000de   Code   RO        10714    .text               mf_w.l(ddiv.o)
    0x080007da   0x080007da   0x00000030   Code   RO        10716    .text               mf_w.l(dfixul.o)
    0x0800080a   0x0800080a   0x00000002   PAD
    0x0800080c   0x0800080c   0x00000030   Code   RO        10718    .text               mf_w.l(cdrcmple.o)
    0x0800083c   0x0800083c   0x00000024   Code   RO        10720    .text               mc_w.l(init.o)
    0x08000860   0x08000860   0x00000024   Code   RO        10722    .text               mc_w.l(llsshr.o)
    0x08000884   0x08000884   0x000000ba   Code   RO        10724    .text               mf_w.l(depilogue.o)
    0x0800093e   0x0800093e   0x00000056   Code   RO        10734    .text               mc_w.l(__dczerorl2.o)
    0x08000994   0x08000994   0x000000c8   Code   RO         7930    i.ADC_ConfigureBoostMode  stm32h7xx_hal_adc.o
    0x08000a5c   0x08000a5c   0x0000009c   Code   RO         7936    i.ADC_Enable        stm32h7xx_hal_adc.o
    0x08000af8   0x08000af8   0x00000050   Code   RO         1122    i.BSP_SD_Init       sdmmc_sd.o
    0x08000b48   0x08000b48   0x0000000c   Code   RO         1123    i.BSP_SD_IsDetected  sdmmc_sd.o
    0x08000b54   0x08000b54   0x00000002   Code   RO         1127    i.BSP_SD_ReadCpltCallback  sdmmc_sd.o
    0x08000b56   0x08000b56   0x00000002   Code   RO         1131    i.BSP_SD_WriteCpltCallback  sdmmc_sd.o
    0x08000b58   0x08000b58   0x00000002   Code   RO          380    i.BusFault_Handler  stm32h7xx_it.o
    0x08000b5a   0x08000b5a   0x00000002   PAD
    0x08000b5c   0x08000b5c   0x00000110   Code   RO          625    i.Camera_Init       camera_test.o
    0x08000c6c   0x08000c6c   0x000000a0   Code   RO          626    i.Camera_Work       camera_test.o
    0x08000d0c   0x08000d0c   0x00000020   Code   RO         2291    i.DCMI_DMAError     stm32h7xx_hal_dcmi.o
    0x08000d2c   0x08000d2c   0x00000084   Code   RO         2292    i.DCMI_DMAXferCplt  stm32h7xx_hal_dcmi.o
    0x08000db0   0x08000db0   0x0000005c   Code   RO         1801    i.DCMI_OV2640_Init  dcmi_ov2640.o
    0x08000e0c   0x08000e0c   0x00000050   Code   RO         1973    i.DCMI_OV5640_Init  dcmi_ov5640.o
    0x08000e5c   0x08000e5c   0x0000000c   Code   RO          381    i.DCMI_PSSI_IRQHandler  stm32h7xx_it.o
    0x08000e68   0x08000e68   0x0000000c   Code   RO          382    i.DMA2_Stream7_IRQHandler  stm32h7xx_it.o
    0x08000e74   0x08000e74   0x000000b4   Code   RO         3047    i.DMA_CalcBaseAndBitshift  stm32h7xx_hal_dma.o
    0x08000f28   0x08000f28   0x0000009c   Code   RO         3048    i.DMA_CalcDMAMUXChannelBaseAndMask  stm32h7xx_hal_dma.o
    0x08000fc4   0x08000fc4   0x00000074   Code   RO         3049    i.DMA_CalcDMAMUXRequestGenBaseAndMask  stm32h7xx_hal_dma.o
    0x08001038   0x08001038   0x00000054   Code   RO         3050    i.DMA_CheckFifoParam  stm32h7xx_hal_dma.o
    0x0800108c   0x0800108c   0x000000a0   Code   RO         3163    i.DMA_MultiBufferSetConfig  stm32h7xx_hal_dma_ex.o
    0x0800112c   0x0800112c   0x00000260   Code   RO         3051    i.DMA_SetConfig     stm32h7xx_hal_dma.o
    0x0800138c   0x0800138c   0x00000002   Code   RO          383    i.DebugMon_Handler  stm32h7xx_it.o
    0x0800138e   0x0800138e   0x00000004   Code   RO           13    i.Error_Handler     main.o
    0x08001392   0x08001392   0x00000002   PAD
    0x08001394   0x08001394   0x000000dc   Code   RO         8172    i.HAL_ADCEx_MultiModeConfigChannel  stm32h7xx_hal_adc_ex.o
    0x08001470   0x08001470   0x00000378   Code   RO         7938    i.HAL_ADC_ConfigChannel  stm32h7xx_hal_adc.o
    0x080017e8   0x080017e8   0x00000004   Code   RO         7944    i.HAL_ADC_GetState  stm32h7xx_hal_adc.o
    0x080017ec   0x080017ec   0x00000006   Code   RO         7945    i.HAL_ADC_GetValue  stm32h7xx_hal_adc.o
    0x080017f2   0x080017f2   0x00000002   PAD
    0x080017f4   0x080017f4   0x000001d8   Code   RO         7947    i.HAL_ADC_Init      stm32h7xx_hal_adc.o
    0x080019cc   0x080019cc   0x00000094   Code   RO        10177    i.HAL_ADC_MspInit   adc.o
    0x08001a60   0x08001a60   0x000000fc   Code   RO         7951    i.HAL_ADC_PollForConversion  stm32h7xx_hal_adc.o
    0x08001b5c   0x08001b5c   0x000000f8   Code   RO         7953    i.HAL_ADC_Start     stm32h7xx_hal_adc.o
    0x08001c54   0x08001c54   0x00000036   Code   RO         2293    i.HAL_DCMI_ConfigCrop  stm32h7xx_hal_dcmi.o
    0x08001c8a   0x08001c8a   0x00000030   Code   RO         2297    i.HAL_DCMI_EnableCrop  stm32h7xx_hal_dcmi.o
    0x08001cba   0x08001cba   0x00000002   PAD
    0x08001cbc   0x08001cbc   0x00000028   Code   RO         1802    i.HAL_DCMI_ErrorCallback  dcmi_ov2640.o
    0x08001ce4   0x08001ce4   0x00000030   Code   RO         1803    i.HAL_DCMI_FrameEventCallback  dcmi_ov2640.o
    0x08001d14   0x08001d14   0x00000004   Code   RO         2300    i.HAL_DCMI_GetError  stm32h7xx_hal_dcmi.o
    0x08001d18   0x08001d18   0x0000009c   Code   RO         2302    i.HAL_DCMI_IRQHandler  stm32h7xx_hal_dcmi.o
    0x08001db4   0x08001db4   0x000000a4   Code   RO         2303    i.HAL_DCMI_Init     stm32h7xx_hal_dcmi.o
    0x08001e58   0x08001e58   0x00000002   Code   RO         2304    i.HAL_DCMI_LineEventCallback  stm32h7xx_hal_dcmi.o
    0x08001e5a   0x08001e5a   0x00000002   PAD
    0x08001e5c   0x08001e5c   0x00000120   Code   RO         1804    i.HAL_DCMI_MspInit  dcmi_ov2640.o
    0x08001f7c   0x08001f7c   0x000000ec   Code   RO         2308    i.HAL_DCMI_Start_DMA  stm32h7xx_hal_dcmi.o
    0x08002068   0x08002068   0x00000002   Code   RO         2311    i.HAL_DCMI_VsyncEventCallback  stm32h7xx_hal_dcmi.o
    0x0800206a   0x0800206a   0x00000002   PAD
    0x0800206c   0x0800206c   0x00000090   Code   RO         3164    i.HAL_DMAEx_ChangeMemory  stm32h7xx_hal_dma_ex.o
    0x080020fc   0x080020fc   0x00000468   Code   RO         3171    i.HAL_DMAEx_MultiBufferStart_IT  stm32h7xx_hal_dma_ex.o
    0x08002564   0x08002564   0x00000360   Code   RO         3052    i.HAL_DMA_Abort     stm32h7xx_hal_dma.o
    0x080028c4   0x080028c4   0x00000284   Code   RO         3053    i.HAL_DMA_Abort_IT  stm32h7xx_hal_dma.o
    0x08002b48   0x08002b48   0x0000072c   Code   RO         3057    i.HAL_DMA_IRQHandler  stm32h7xx_hal_dma.o
    0x08003274   0x08003274   0x000003fc   Code   RO         3058    i.HAL_DMA_Init      stm32h7xx_hal_dma.o
    0x08003670   0x08003670   0x0000029c   Code   RO         3062    i.HAL_DMA_Start_IT  stm32h7xx_hal_dma.o
    0x0800390c   0x0800390c   0x00000024   Code   RO         3797    i.HAL_Delay         stm32h7xx_hal.o
    0x08003930   0x08003930   0x0000022c   Code   RO         2900    i.HAL_GPIO_Init     stm32h7xx_hal_gpio.o
    0x08003b5c   0x08003b5c   0x0000000a   Code   RO         2902    i.HAL_GPIO_ReadPin  stm32h7xx_hal_gpio.o
    0x08003b66   0x08003b66   0x0000000a   Code   RO         2904    i.HAL_GPIO_WritePin  stm32h7xx_hal_gpio.o
    0x08003b70   0x08003b70   0x0000000c   Code   RO         3813    i.HAL_GetTick       stm32h7xx_hal.o
    0x08003b7c   0x08003b7c   0x00000010   Code   RO         3819    i.HAL_IncTick       stm32h7xx_hal.o
    0x08003b8c   0x08003b8c   0x0000005c   Code   RO         3820    i.HAL_Init          stm32h7xx_hal.o
    0x08003be8   0x08003be8   0x00000084   Code   RO          492    i.HAL_InitTick      stm32h7xx_hal_timebase_tim.o
    0x08003c6c   0x08003c6c   0x0000005c   Code   RO         2151    i.HAL_MPU_ConfigRegion  stm32h7xx_hal_cortex.o
    0x08003cc8   0x08003cc8   0x0000001c   Code   RO         2152    i.HAL_MPU_Disable   stm32h7xx_hal_cortex.o
    0x08003ce4   0x08003ce4   0x00000024   Code   RO         2153    i.HAL_MPU_Enable    stm32h7xx_hal_cortex.o
    0x08003d08   0x08003d08   0x00000024   Code   RO          468    i.HAL_MspInit       stm32h7xx_hal_msp.o
    0x08003d2c   0x08003d2c   0x0000001a   Code   RO         2156    i.HAL_NVIC_EnableIRQ  stm32h7xx_hal_cortex.o
    0x08003d46   0x08003d46   0x00000002   PAD
    0x08003d48   0x08003d48   0x00000040   Code   RO         2162    i.HAL_NVIC_SetPriority  stm32h7xx_hal_cortex.o
    0x08003d88   0x08003d88   0x00000024   Code   RO         2163    i.HAL_NVIC_SetPriorityGrouping  stm32h7xx_hal_cortex.o
    0x08003dac   0x08003dac   0x00000418   Code   RO         4696    i.HAL_OSPIM_Config  stm32h7xx_hal_ospi.o
    0x080041c4   0x080041c4   0x000000a4   Code   RO         4703    i.HAL_OSPI_Command  stm32h7xx_hal_ospi.o
    0x08004268   0x08004268   0x00000030   Code   RO         4705    i.HAL_OSPI_DeInit   stm32h7xx_hal_ospi.o
    0x08004298   0x08004298   0x0000010c   Code   RO         4714    i.HAL_OSPI_Init     stm32h7xx_hal_ospi.o
    0x080043a4   0x080043a4   0x00000002   Code   RO         4716    i.HAL_OSPI_MspDeInit  stm32h7xx_hal_ospi.o
    0x080043a6   0x080043a6   0x00000002   PAD
    0x080043a8   0x080043a8   0x00000134   Code   RO         1008    i.HAL_OSPI_MspInit  ospi_w25q64.o
    0x080044dc   0x080044dc   0x000000ac   Code   RO         4718    i.HAL_OSPI_Receive  stm32h7xx_hal_ospi.o
    0x08004588   0x08004588   0x00000054   Code   RO         3501    i.HAL_PWREx_ConfigSupply  stm32h7xx_hal_pwr_ex.o
    0x080045dc   0x080045dc   0x00000010   Code   RO         3383    i.HAL_PWR_EnableBkUpAccess  stm32h7xx_hal_pwr.o
    0x080045ec   0x080045ec   0x00000024   Code   RO         2549    i.HAL_RCCEx_GetD3PCLK1Freq  stm32h7xx_hal_rcc_ex.o
    0x08004610   0x08004610   0x00000148   Code   RO         2550    i.HAL_RCCEx_GetPLL1ClockFreq  stm32h7xx_hal_rcc_ex.o
    0x08004758   0x08004758   0x00000144   Code   RO         2551    i.HAL_RCCEx_GetPLL2ClockFreq  stm32h7xx_hal_rcc_ex.o
    0x0800489c   0x0800489c   0x00000144   Code   RO         2552    i.HAL_RCCEx_GetPLL3ClockFreq  stm32h7xx_hal_rcc_ex.o
    0x080049e0   0x080049e0   0x00000234   Code   RO         2554    i.HAL_RCCEx_GetPeriphCLKFreq  stm32h7xx_hal_rcc_ex.o
    0x08004c14   0x08004c14   0x00000870   Code   RO         2558    i.HAL_RCCEx_PeriphCLKConfig  stm32h7xx_hal_rcc_ex.o
    0x08005484   0x08005484   0x0000025c   Code   RO         2434    i.HAL_RCC_ClockConfig  stm32h7xx_hal_rcc.o
    0x080056e0   0x080056e0   0x0000005c   Code   RO         2438    i.HAL_RCC_GetClockConfig  stm32h7xx_hal_rcc.o
    0x0800573c   0x0800573c   0x00000044   Code   RO         2439    i.HAL_RCC_GetHCLKFreq  stm32h7xx_hal_rcc.o
    0x08005780   0x08005780   0x00000024   Code   RO         2441    i.HAL_RCC_GetPCLK1Freq  stm32h7xx_hal_rcc.o
    0x080057a4   0x080057a4   0x00000024   Code   RO         2442    i.HAL_RCC_GetPCLK2Freq  stm32h7xx_hal_rcc.o
    0x080057c8   0x080057c8   0x00000138   Code   RO         2443    i.HAL_RCC_GetSysClockFreq  stm32h7xx_hal_rcc.o
    0x08005900   0x08005900   0x00000550   Code   RO         2446    i.HAL_RCC_OscConfig  stm32h7xx_hal_rcc.o
    0x08005e50   0x08005e50   0x00000098   Code   RO         7795    i.HAL_RTC_Init      stm32h7xx_hal_rtc.o
    0x08005ee8   0x08005ee8   0x0000001c   Code   RO          975    i.HAL_RTC_MspInit   rtc.o
    0x08005f04   0x08005f04   0x00000036   Code   RO         7803    i.HAL_RTC_WaitForSynchro  stm32h7xx_hal_rtc.o
    0x08005f3a   0x08005f3a   0x00000002   Code   RO         5300    i.HAL_SDEx_Read_DMADoubleBuf0CpltCallback  stm32h7xx_hal_sd.o
    0x08005f3c   0x08005f3c   0x00000002   Code   RO         5301    i.HAL_SDEx_Read_DMADoubleBuf1CpltCallback  stm32h7xx_hal_sd.o
    0x08005f3e   0x08005f3e   0x00000002   Code   RO         5302    i.HAL_SDEx_Write_DMADoubleBuf0CpltCallback  stm32h7xx_hal_sd.o
    0x08005f40   0x08005f40   0x00000002   Code   RO         5303    i.HAL_SDEx_Write_DMADoubleBuf1CpltCallback  stm32h7xx_hal_sd.o
    0x08005f42   0x08005f42   0x00000002   PAD
    0x08005f44   0x08005f44   0x000000b4   Code   RO         5307    i.HAL_SD_ConfigSpeedBusOperation  stm32h7xx_hal_sd.o
    0x08005ff8   0x08005ff8   0x00000188   Code   RO         5308    i.HAL_SD_ConfigWideBusOperation  stm32h7xx_hal_sd.o
    0x08006180   0x08006180   0x00000002   Code   RO         5311    i.HAL_SD_ErrorCallback  stm32h7xx_hal_sd.o
    0x08006182   0x08006182   0x00000002   PAD
    0x08006184   0x08006184   0x000001bc   Code   RO         5313    i.HAL_SD_GetCardCSD  stm32h7xx_hal_sd.o
    0x08006340   0x08006340   0x0000002c   Code   RO         5315    i.HAL_SD_GetCardState  stm32h7xx_hal_sd.o
    0x0800636c   0x0800636c   0x000000cc   Code   RO         5316    i.HAL_SD_GetCardStatus  stm32h7xx_hal_sd.o
    0x08006438   0x08006438   0x00000240   Code   RO         5319    i.HAL_SD_IRQHandler  stm32h7xx_hal_sd.o
    0x08006678   0x08006678   0x0000009a   Code   RO         5320    i.HAL_SD_Init       stm32h7xx_hal_sd.o
    0x08006712   0x08006712   0x00000002   PAD
    0x08006714   0x08006714   0x000000a4   Code   RO         5321    i.HAL_SD_InitCard   stm32h7xx_hal_sd.o
    0x080067b8   0x080067b8   0x00000002   Code   RO         5323    i.HAL_SD_MspInit    stm32h7xx_hal_sd.o
    0x080067ba   0x080067ba   0x00000002   PAD
    0x080067bc   0x080067bc   0x00000018   Code   RO         1133    i.HAL_SD_RxCpltCallback  sdmmc_sd.o
    0x080067d4   0x080067d4   0x00000018   Code   RO         1134    i.HAL_SD_TxCpltCallback  sdmmc_sd.o
    0x080067ec   0x080067ec   0x00000158   Code   RO         5588    i.HAL_SPI_Init      stm32h7xx_hal_spi.o
    0x08006944   0x08006944   0x000000e0   Code   RO         1287    i.HAL_SPI_MspInit   lcd_spi_096.o
    0x08006a24   0x08006a24   0x0000022e   Code   RO         5596    i.HAL_SPI_Transmit  stm32h7xx_hal_spi.o
    0x08006c52   0x08006c52   0x00000002   Code   RO         6616    i.HAL_TIMEx_Break2Callback  stm32h7xx_hal_tim_ex.o
    0x08006c54   0x08006c54   0x00000002   Code   RO         6617    i.HAL_TIMEx_BreakCallback  stm32h7xx_hal_tim_ex.o
    0x08006c56   0x08006c56   0x00000002   Code   RO         6618    i.HAL_TIMEx_CommutCallback  stm32h7xx_hal_tim_ex.o
    0x08006c58   0x08006c58   0x00000062   Code   RO         5902    i.HAL_TIM_Base_Init  stm32h7xx_hal_tim.o
    0x08006cba   0x08006cba   0x00000002   PAD
    0x08006cbc   0x08006cbc   0x0000003c   Code   RO        10224    i.HAL_TIM_Base_MspInit  timer.o
    0x08006cf8   0x08006cf8   0x0000008c   Code   RO         5907    i.HAL_TIM_Base_Start_IT  stm32h7xx_hal_tim.o
    0x08006d84   0x08006d84   0x00000002   Code   RO         5936    i.HAL_TIM_IC_CaptureCallback  stm32h7xx_hal_tim.o
    0x08006d86   0x08006d86   0x00000182   Code   RO         5950    i.HAL_TIM_IRQHandler  stm32h7xx_hal_tim.o
    0x08006f08   0x08006f08   0x00000002   Code   RO         5953    i.HAL_TIM_OC_DelayElapsedCallback  stm32h7xx_hal_tim.o
    0x08006f0a   0x08006f0a   0x00000124   Code   RO         5974    i.HAL_TIM_PWM_ConfigChannel  stm32h7xx_hal_tim.o
    0x0800702e   0x0800702e   0x00000062   Code   RO         5977    i.HAL_TIM_PWM_Init  stm32h7xx_hal_tim.o
    0x08007090   0x08007090   0x00000050   Code   RO        10225    i.HAL_TIM_PWM_MspInit  timer.o
    0x080070e0   0x080070e0   0x00000002   Code   RO         5980    i.HAL_TIM_PWM_PulseFinishedCallback  stm32h7xx_hal_tim.o
    0x080070e2   0x080070e2   0x00000002   PAD
    0x080070e4   0x080070e4   0x00000110   Code   RO         5982    i.HAL_TIM_PWM_Start  stm32h7xx_hal_tim.o
    0x080071f4   0x080071f4   0x00000014   Code   RO           14    i.HAL_TIM_PeriodElapsedCallback  main.o
    0x08007208   0x08007208   0x00000002   Code   RO         5993    i.HAL_TIM_TriggerCallback  stm32h7xx_hal_tim.o
    0x0800720a   0x0800720a   0x00000040   Code   RO         7339    i.HAL_UARTEx_DisableFifoMode  stm32h7xx_hal_uart_ex.o
    0x0800724a   0x0800724a   0x00000002   Code   RO         6928    i.HAL_UARTEx_RxEventCallback  stm32h7xx_hal_uart.o
    0x0800724c   0x0800724c   0x00000002   Code   RO         7346    i.HAL_UARTEx_RxFifoFullCallback  stm32h7xx_hal_uart_ex.o
    0x0800724e   0x0800724e   0x0000004c   Code   RO         7347    i.HAL_UARTEx_SetRxFifoThreshold  stm32h7xx_hal_uart_ex.o
    0x0800729a   0x0800729a   0x0000004c   Code   RO         7348    i.HAL_UARTEx_SetTxFifoThreshold  stm32h7xx_hal_uart_ex.o
    0x080072e6   0x080072e6   0x00000002   Code   RO         7350    i.HAL_UARTEx_TxFifoEmptyCallback  stm32h7xx_hal_uart_ex.o
    0x080072e8   0x080072e8   0x00000002   Code   RO         7351    i.HAL_UARTEx_WakeupCallback  stm32h7xx_hal_uart_ex.o
    0x080072ea   0x080072ea   0x00000002   Code   RO         6944    i.HAL_UART_ErrorCallback  stm32h7xx_hal_uart.o
    0x080072ec   0x080072ec   0x00000360   Code   RO         6947    i.HAL_UART_IRQHandler  stm32h7xx_hal_uart.o
    0x0800764c   0x0800764c   0x0000006a   Code   RO         6948    i.HAL_UART_Init     stm32h7xx_hal_uart.o
    0x080076b6   0x080076b6   0x00000002   PAD
    0x080076b8   0x080076b8   0x00000158   Code   RO          898    i.HAL_UART_MspInit  usart.o
    0x08007810   0x08007810   0x00000054   Code   RO         6953    i.HAL_UART_Receive_IT  stm32h7xx_hal_uart.o
    0x08007864   0x08007864   0x00000170   Code   RO          899    i.HAL_UART_RxCpltCallback  usart.o
    0x080079d4   0x080079d4   0x000000be   Code   RO         6957    i.HAL_UART_Transmit  stm32h7xx_hal_uart.o
    0x08007a92   0x08007a92   0x00000002   Code   RO         6960    i.HAL_UART_TxCpltCallback  stm32h7xx_hal_uart.o
    0x08007a94   0x08007a94   0x00000002   Code   RO          384    i.HardFault_Handler  stm32h7xx_it.o
    0x08007a96   0x08007a96   0x00000002   PAD
    0x08007a98   0x08007a98   0x00000084   Code   RO         1589    i.Init_IO_InPut     lcd_identification.o
    0x08007b1c   0x08007b1c   0x0000003a   Code   RO         1590    i.Init_LCD          lcd_identification.o
    0x08007b56   0x08007b56   0x00000002   PAD
    0x08007b58   0x08007b58   0x000000a0   Code   RO         1591    i.Init_SPI_MspInit  lcd_identification.o
    0x08007bf8   0x08007bf8   0x0000002c   Code   RO         1592    i.Init_WriteCommand  lcd_identification.o
    0x08007c24   0x08007c24   0x00000064   Code   RO         1595    i.Init_WriteReg     lcd_identification.o
    0x08007c88   0x08007c88   0x00000058   Code   RO         1288    i.LCD_Clear         lcd_spi_096.o
    0x08007ce0   0x08007ce0   0x00000054   Code   RO         1290    i.LCD_CopyBuffer    lcd_spi_096.o
    0x08007d34   0x08007d34   0x000000b4   Code   RO         1291    i.LCD_DisplayChar   lcd_spi_096.o
    0x08007de8   0x08007de8   0x000000e4   Code   RO         1292    i.LCD_DisplayChinese  lcd_spi_096.o
    0x08007ecc   0x08007ecc   0x00000040   Code   RO         1293    i.LCD_DisplayDecimals  lcd_spi_096.o
    0x08007f0c   0x08007f0c   0x0000003c   Code   RO         1295    i.LCD_DisplayString  lcd_spi_096.o
    0x08007f48   0x08007f48   0x00000048   Code   RO         1296    i.LCD_DisplayText   lcd_spi_096.o
    0x08007f90   0x08007f90   0x00000040   Code   RO         1301    i.LCD_DrawLine_H    lcd_spi_096.o
    0x08007fd0   0x08007fd0   0x00000040   Code   RO         1302    i.LCD_DrawLine_V    lcd_spi_096.o
    0x08008010   0x08008010   0x00000064   Code   RO          531    i.LCD_Printf        lcd_test.o
    0x08008074   0x08008074   0x000000f4   Code   RO          532    i.LCD_Progress      lcd_test.o
    0x08008168   0x08008168   0x000000c8   Code   RO         1596    i.LCD_ReadID        lcd_identification.o
    0x08008230   0x08008230   0x0000004c   Code   RO         1597    i.LCD_Read_Bus      lcd_identification.o
    0x0800827c   0x0800827c   0x0000014e   Code   RO         1309    i.LCD_SPI_Transmit  lcd_spi_096.o
    0x080083ca   0x080083ca   0x0000011e   Code   RO         1310    i.LCD_SPI_TransmitBuffer  lcd_spi_096.o
    0x080084e8   0x080084e8   0x00000054   Code   RO         1311    i.LCD_SetAddress    lcd_spi_096.o
    0x0800853c   0x0800853c   0x00000024   Code   RO         1313    i.LCD_SetBackColor  lcd_spi_096.o
    0x08008560   0x08008560   0x00000024   Code   RO         1314    i.LCD_SetColor      lcd_spi_096.o
    0x08008584   0x08008584   0x00000178   Code   RO         1315    i.LCD_SetDirection  lcd_spi_096.o
    0x080086fc   0x080086fc   0x0000004c   Code   RO         1316    i.LCD_SetTextFont   lcd_spi_096.o
    0x08008748   0x08008748   0x00000064   Code   RO         1598    i.LCD_Writ_Bus      lcd_identification.o
    0x080087ac   0x080087ac   0x00000040   Code   RO         1318    i.LCD_WriteBuff     lcd_spi_096.o
    0x080087ec   0x080087ec   0x00000028   Code   RO         1319    i.LCD_WriteCommand  lcd_spi_096.o
    0x08008814   0x08008814   0x00000030   Code   RO         1320    i.LCD_WriteData_16bit  lcd_spi_096.o
    0x08008844   0x08008844   0x00000024   Code   RO         1321    i.LCD_WriteData_8bit  lcd_spi_096.o
    0x08008868   0x08008868   0x00000090   Code   RO         1599    i.LCD_identification  lcd_identification.o
    0x080088f8   0x080088f8   0x00000050   Code   RO          874    i.LED_Init          led.o
    0x08008948   0x08008948   0x00000008   Code   RO         7959    i.LL_ADC_INJ_IsConversionOngoing  stm32h7xx_hal_adc.o
    0x08008950   0x08008950   0x00000008   Code   RO         7960    i.LL_ADC_REG_IsConversionOngoing  stm32h7xx_hal_adc.o
    0x08008958   0x08008958   0x00000008   Code   RO         8182    i.LL_ADC_REG_IsConversionOngoing  stm32h7xx_hal_adc_ex.o
    0x08008960   0x08008960   0x00000010   Code   RO         7961    i.LL_ADC_REG_IsTriggerSourceSWStart  stm32h7xx_hal_adc.o
    0x08008970   0x08008970   0x0000001e   Code   RO         7963    i.LL_ADC_SetChannelSamplingTime  stm32h7xx_hal_adc.o
    0x0800898e   0x0800898e   0x0000004a   Code   RO           15    i.MPU_Config        main.o
    0x080089d8   0x080089d8   0x0000008c   Code   RO        10178    i.MX_ADC1_Init      adc.o
    0x08008a64   0x08008a64   0x00000044   Code   RO         1805    i.MX_DCMI_Init      dcmi_ov2640.o
    0x08008aa8   0x08008aa8   0x0000007c   Code   RO         1009    i.MX_OCTOSPI1_Init  ospi_w25q64.o
    0x08008b24   0x08008b24   0x0000002c   Code   RO          976    i.MX_RTC_Init       rtc.o
    0x08008b50   0x08008b50   0x0000002c   Code   RO         1135    i.MX_SDMMC1_SD_Init  sdmmc_sd.o
    0x08008b7c   0x08008b7c   0x00000064   Code   RO         1322    i.MX_SPI4_Init      lcd_spi_096.o
    0x08008be0   0x08008be0   0x000000bc   Code   RO         1323    i.MY_SPI_CloseTransfer  lcd_spi_096.o
    0x08008c9c   0x08008c9c   0x00000042   Code   RO         1324    i.MY_SPI_WaitOnFlagUntilTimeout  lcd_spi_096.o
    0x08008cde   0x08008cde   0x00000002   Code   RO          385    i.MemManage_Handler  stm32h7xx_it.o
    0x08008ce0   0x08008ce0   0x00000002   Code   RO          386    i.NMI_Handler       stm32h7xx_it.o
    0x08008ce2   0x08008ce2   0x00000002   PAD
    0x08008ce4   0x08008ce4   0x000000dc   Code   RO         4732    i.OSPIM_GetConfig   stm32h7xx_hal_ospi.o
    0x08008dc0   0x08008dc0   0x000001d4   Code   RO         4733    i.OSPI_ConfigCmd    stm32h7xx_hal_ospi.o
    0x08008f94   0x08008f94   0x00000060   Code   RO         1014    i.OSPI_W25Qxx_Init  ospi_w25q64.o
    0x08008ff4   0x08008ff4   0x00000064   Code   RO         1017    i.OSPI_W25Qxx_ReadID  ospi_w25q64.o
    0x08009058   0x08009058   0x00000048   Code   RO         4737    i.OSPI_WaitFlagStateUntilTimeout  stm32h7xx_hal_ospi.o
    0x080090a0   0x080090a0   0x0000001e   Code   RO         1806    i.OV2640_Config     dcmi_ov2640.o
    0x080090be   0x080090be   0x00000002   PAD
    0x080090c0   0x080090c0   0x00000044   Code   RO         1807    i.OV2640_DCMI_Crop  dcmi_ov2640.o
    0x08009104   0x08009104   0x0000006c   Code   RO         1811    i.OV2640_DMA_Init   dcmi_ov2640.o
    0x08009170   0x08009170   0x0000002c   Code   RO         1812    i.OV2640_DMA_Transmit_Continuous  dcmi_ov2640.o
    0x0800919c   0x0800919c   0x00000030   Code   RO         1814    i.OV2640_Delay      dcmi_ov2640.o
    0x080091cc   0x080091cc   0x0000001e   Code   RO         1815    i.OV2640_ReadID     dcmi_ov2640.o
    0x080091ea   0x080091ea   0x00000002   PAD
    0x080091ec   0x080091ec   0x00000038   Code   RO         1816    i.OV2640_Reset      dcmi_ov2640.o
    0x08009224   0x08009224   0x0000004c   Code   RO         1820    i.OV2640_Set_Framesize  dcmi_ov2640.o
    0x08009270   0x08009270   0x000000b4   Code   RO         1974    i.OV5640_AF_Download_Firmware  dcmi_ov5640.o
    0x08009324   0x08009324   0x0000000a   Code   RO         1977    i.OV5640_AF_Trigger_Constant  dcmi_ov5640.o
    0x0800932e   0x0800932e   0x00000002   PAD
    0x08009330   0x08009330   0x00000028   Code   RO         1979    i.OV5640_Config     dcmi_ov5640.o
    0x08009358   0x08009358   0x00000044   Code   RO         1980    i.OV5640_DCMI_Crop  dcmi_ov5640.o
    0x0800939c   0x0800939c   0x0000006c   Code   RO         1984    i.OV5640_DMA_Init   dcmi_ov5640.o
    0x08009408   0x08009408   0x0000002c   Code   RO         1985    i.OV5640_DMA_Transmit_Continuous  dcmi_ov5640.o
    0x08009434   0x08009434   0x0000002c   Code   RO         1987    i.OV5640_Delay      dcmi_ov5640.o
    0x08009460   0x08009460   0x0000001a   Code   RO         1988    i.OV5640_ReadID     dcmi_ov5640.o
    0x0800947a   0x0800947a   0x00000002   PAD
    0x0800947c   0x0800947c   0x00000044   Code   RO         1989    i.OV5640_Reset      dcmi_ov5640.o
    0x080094c0   0x080094c0   0x0000004e   Code   RO         1993    i.OV5640_Set_Framesize  dcmi_ov5640.o
    0x0800950e   0x0800950e   0x00000026   Code   RO         1994    i.OV5640_Set_Horizontal_Mirror  dcmi_ov5640.o
    0x08009534   0x08009534   0x00000026   Code   RO         1997    i.OV5640_Set_Vertical_Flip  dcmi_ov5640.o
    0x0800955a   0x0800955a   0x00000002   PAD
    0x0800955c   0x0800955c   0x000000ac   Code   RO        10284    i.PEC_Calculation   iic.o
    0x08009608   0x08009608   0x00000040   Code   RO        10285    i.PY_usDelayOptimize  iic.o
    0x08009648   0x08009648   0x00000044   Code   RO        10286    i.PY_usDelayTest    iic.o
    0x0800968c   0x0800968c   0x00000120   Code   RO         2560    i.RCCEx_PLL2_Config  stm32h7xx_hal_rcc_ex.o
    0x080097ac   0x080097ac   0x00000120   Code   RO         2561    i.RCCEx_PLL3_Config  stm32h7xx_hal_rcc_ex.o
    0x080098cc   0x080098cc   0x00000046   Code   RO         7806    i.RTC_EnterInitMode  stm32h7xx_hal_rtc.o
    0x08009912   0x08009912   0x00000002   PAD
    0x08009914   0x08009914   0x00000054   Code   RO         7807    i.RTC_ExitInitMode  stm32h7xx_hal_rtc.o
    0x08009968   0x08009968   0x00000068   Code   RO           16    i.RTOS_LED_Task     main.o
    0x080099d0   0x080099d0   0x00000138   Code   RO           17    i.RTOS_Main_Task    main.o
    0x08009b08   0x08009b08   0x00000058   Code   RO           18    i.RTOS_Msg_Task     main.o
    0x08009b60   0x08009b60   0x0000005c   Code   RO         1688    i.SCCB_ACK          sccb.o
    0x08009bbc   0x08009bbc   0x00000028   Code   RO         1689    i.SCCB_Delay        sccb.o
    0x08009be4   0x08009be4   0x0000007c   Code   RO         1690    i.SCCB_GPIO_Config  sccb.o
    0x08009c60   0x08009c60   0x00000050   Code   RO         1691    i.SCCB_NoACK        sccb.o
    0x08009cb0   0x08009cb0   0x0000006c   Code   RO         1692    i.SCCB_ReadByte     sccb.o
    0x08009d1c   0x08009d1c   0x00000034   Code   RO         1693    i.SCCB_ReadReg      sccb.o
    0x08009d50   0x08009d50   0x00000034   Code   RO         1694    i.SCCB_ReadReg_16Bit  sccb.o
    0x08009d84   0x08009d84   0x0000004c   Code   RO         1695    i.SCCB_Start        sccb.o
    0x08009dd0   0x08009dd0   0x00000054   Code   RO         1696    i.SCCB_Stop         sccb.o
    0x08009e24   0x08009e24   0x0000005c   Code   RO         1697    i.SCCB_WaitACK      sccb.o
    0x08009e80   0x08009e80   0x0000002e   Code   RO         1698    i.SCCB_WriteBuffer_16Bit  sccb.o
    0x08009eae   0x08009eae   0x00000002   PAD
    0x08009eb0   0x08009eb0   0x0000006c   Code   RO         1699    i.SCCB_WriteByte    sccb.o
    0x08009f1c   0x08009f1c   0x0000001c   Code   RO         1700    i.SCCB_WriteHandle  sccb.o
    0x08009f38   0x08009f38   0x00000026   Code   RO         1701    i.SCCB_WriteHandle_16Bit  sccb.o
    0x08009f5e   0x08009f5e   0x00000020   Code   RO         1702    i.SCCB_WriteReg     sccb.o
    0x08009f7e   0x08009f7e   0x00000020   Code   RO         1703    i.SCCB_WriteReg_16Bit  sccb.o
    0x08009f9e   0x08009f9e   0x00000006   Code   RO          387    i.SDMMC1_IRQHandler  stm32h7xx_it.o
    0x08009fa4   0x08009fa4   0x00000034   Code   RO         4960    i.SDMMC_CmdAppCommand  stm32h7xx_ll_sdmmc.o
    0x08009fd8   0x08009fd8   0x0000002e   Code   RO         4961    i.SDMMC_CmdAppOperCommand  stm32h7xx_ll_sdmmc.o
    0x0800a006   0x0800a006   0x00000032   Code   RO         4962    i.SDMMC_CmdBlockLength  stm32h7xx_ll_sdmmc.o
    0x0800a038   0x0800a038   0x00000034   Code   RO         4963    i.SDMMC_CmdBusWidth  stm32h7xx_ll_sdmmc.o
    0x0800a06c   0x0800a06c   0x00000054   Code   RO         4967    i.SDMMC_CmdGoIdleState  stm32h7xx_ll_sdmmc.o
    0x0800a0c0   0x0800a0c0   0x00000028   Code   RO         4969    i.SDMMC_CmdOperCond  stm32h7xx_ll_sdmmc.o
    0x0800a0e8   0x0800a0e8   0x00000034   Code   RO         4974    i.SDMMC_CmdSelDesel  stm32h7xx_ll_sdmmc.o
    0x0800a11c   0x0800a11c   0x0000002c   Code   RO         4975    i.SDMMC_CmdSendCID  stm32h7xx_ll_sdmmc.o
    0x0800a148   0x0800a148   0x00000030   Code   RO         4976    i.SDMMC_CmdSendCSD  stm32h7xx_ll_sdmmc.o
    0x0800a178   0x0800a178   0x00000032   Code   RO         4978    i.SDMMC_CmdSendSCR  stm32h7xx_ll_sdmmc.o
    0x0800a1aa   0x0800a1aa   0x00000034   Code   RO         4979    i.SDMMC_CmdSendStatus  stm32h7xx_ll_sdmmc.o
    0x0800a1de   0x0800a1de   0x00000032   Code   RO         4980    i.SDMMC_CmdSetRelAdd  stm32h7xx_ll_sdmmc.o
    0x0800a210   0x0800a210   0x00000032   Code   RO         4983    i.SDMMC_CmdStatusRegister  stm32h7xx_ll_sdmmc.o
    0x0800a242   0x0800a242   0x00000002   PAD
    0x0800a244   0x0800a244   0x00000054   Code   RO         4984    i.SDMMC_CmdStopTransfer  stm32h7xx_ll_sdmmc.o
    0x0800a298   0x0800a298   0x00000034   Code   RO         4985    i.SDMMC_CmdSwitch   stm32h7xx_ll_sdmmc.o
    0x0800a2cc   0x0800a2cc   0x00000026   Code   RO         4989    i.SDMMC_ConfigData  stm32h7xx_ll_sdmmc.o
    0x0800a2f2   0x0800a2f2   0x00000002   PAD
    0x0800a2f4   0x0800a2f4   0x00000124   Code   RO         4990    i.SDMMC_GetCmdResp1  stm32h7xx_ll_sdmmc.o
    0x0800a418   0x0800a418   0x00000054   Code   RO         4991    i.SDMMC_GetCmdResp2  stm32h7xx_ll_sdmmc.o
    0x0800a46c   0x0800a46c   0x00000048   Code   RO         4992    i.SDMMC_GetCmdResp3  stm32h7xx_ll_sdmmc.o
    0x0800a4b4   0x0800a4b4   0x0000008c   Code   RO         4993    i.SDMMC_GetCmdResp6  stm32h7xx_ll_sdmmc.o
    0x0800a540   0x0800a540   0x00000058   Code   RO         4994    i.SDMMC_GetCmdResp7  stm32h7xx_ll_sdmmc.o
    0x0800a598   0x0800a598   0x00000008   Code   RO         4998    i.SDMMC_GetPowerState  stm32h7xx_ll_sdmmc.o
    0x0800a5a0   0x0800a5a0   0x00000006   Code   RO         4999    i.SDMMC_GetResponse  stm32h7xx_ll_sdmmc.o
    0x0800a5a6   0x0800a5a6   0x00000002   PAD
    0x0800a5a8   0x0800a5a8   0x00000020   Code   RO         5000    i.SDMMC_Init        stm32h7xx_ll_sdmmc.o
    0x0800a5c8   0x0800a5c8   0x0000000c   Code   RO         5003    i.SDMMC_PowerState_ON  stm32h7xx_ll_sdmmc.o
    0x0800a5d4   0x0800a5d4   0x00000006   Code   RO         5004    i.SDMMC_ReadFIFO    stm32h7xx_ll_sdmmc.o
    0x0800a5da   0x0800a5da   0x00000002   PAD
    0x0800a5dc   0x0800a5dc   0x00000028   Code   RO         5005    i.SDMMC_SendCommand  stm32h7xx_ll_sdmmc.o
    0x0800a604   0x0800a604   0x0000000a   Code   RO         5007    i.SDMMC_WriteFIFO   stm32h7xx_ll_sdmmc.o
    0x0800a60e   0x0800a60e   0x00000002   PAD
    0x0800a610   0x0800a610   0x000000e4   Code   RO         5332    i.SD_FindSCR        stm32h7xx_hal_sd.o
    0x0800a6f4   0x0800a6f4   0x000000f4   Code   RO         5333    i.SD_HighSpeed      stm32h7xx_hal_sd.o
    0x0800a7e8   0x0800a7e8   0x000000f6   Code   RO         5334    i.SD_InitCard       stm32h7xx_hal_sd.o
    0x0800a8de   0x0800a8de   0x00000002   PAD
    0x0800a8e0   0x0800a8e0   0x0000009c   Code   RO         1137    i.SD_MspInit        sdmmc_sd.o
    0x0800a97c   0x0800a97c   0x000000b4   Code   RO         5335    i.SD_PowerON        stm32h7xx_hal_sd.o
    0x0800aa30   0x0800aa30   0x000000e4   Code   RO         5336    i.SD_SendSDStatus   stm32h7xx_hal_sd.o
    0x0800ab14   0x0800ab14   0x0000002c   Code   RO        10287    i.SMBus_Delay       iic.o
    0x0800ab40   0x0800ab40   0x00000050   Code   RO        10288    i.SMBus_Init        iic.o
    0x0800ab90   0x0800ab90   0x0000008e   Code   RO        10289    i.SMBus_ReadMemory  iic.o
    0x0800ac1e   0x0800ac1e   0x00000002   PAD
    0x0800ac20   0x0800ac20   0x00000034   Code   RO        10290    i.SMBus_ReadTemp    iic.o
    0x0800ac54   0x0800ac54   0x0000004c   Code   RO        10291    i.SMBus_ReceiveBit  iic.o
    0x0800aca0   0x0800aca0   0x00000032   Code   RO        10292    i.SMBus_ReceiveByte  iic.o
    0x0800acd2   0x0800acd2   0x00000002   PAD
    0x0800acd4   0x0800acd4   0x00000044   Code   RO        10293    i.SMBus_SendBit     iic.o
    0x0800ad18   0x0800ad18   0x0000002a   Code   RO        10294    i.SMBus_SendByte    iic.o
    0x0800ad42   0x0800ad42   0x00000002   PAD
    0x0800ad44   0x0800ad44   0x0000004c   Code   RO        10295    i.SMBus_StartBit    iic.o
    0x0800ad90   0x0800ad90   0x00000048   Code   RO        10296    i.SMBus_StopBit     iic.o
    0x0800add8   0x0800add8   0x000000bc   Code   RO         5607    i.SPI_CloseTransfer  stm32h7xx_hal_spi.o
    0x0800ae94   0x0800ae94   0x000003dc   Code   RO         1325    i.SPI_LCD_Init      lcd_spi_096.o
    0x0800b270   0x0800b270   0x0000002c   Code   RO         1600    i.SPI_MOSI_InPut    lcd_identification.o
    0x0800b29c   0x0800b29c   0x0000002c   Code   RO         1601    i.SPI_MOSI_OutPut   lcd_identification.o
    0x0800b2c8   0x0800b2c8   0x00000042   Code   RO         5624    i.SPI_WaitOnFlagUntilTimeout  stm32h7xx_hal_spi.o
    0x0800b30a   0x0800b30a   0x00000002   PAD
    0x0800b30c   0x0800b30c   0x00000072   Code   RO        10383    i.SYN_FrameInfo     syn6288.o
    0x0800b37e   0x0800b37e   0x0000001a   Code   RO         9528    i.SysTick_Handler   cmsis_os2.o
    0x0800b398   0x0800b398   0x000000e0   Code   RO           19    i.SystemClock_Config  main.o
    0x0800b478   0x0800b478   0x000000c0   Code   RO         8382    i.SystemInit        system_stm32h7xx.o
    0x0800b538   0x0800b538   0x0000000c   Code   RO          388    i.TIM1_UP_IRQHandler  stm32h7xx_it.o
    0x0800b544   0x0800b544   0x0000000c   Code   RO        10226    i.TIM3_IRQHandler   timer.o
    0x0800b550   0x0800b550   0x00000048   Code   RO        10228    i.TIM3_PWM_Init     timer.o
    0x0800b598   0x0800b598   0x000000c4   Code   RO         5995    i.TIM_Base_SetConfig  stm32h7xx_hal_tim.o
    0x0800b65c   0x0800b65c   0x0000001a   Code   RO         5996    i.TIM_CCxChannelCmd  stm32h7xx_hal_tim.o
    0x0800b676   0x0800b676   0x00000002   PAD
    0x0800b678   0x0800b678   0x000000a8   Code   RO         6008    i.TIM_OC1_SetConfig  stm32h7xx_hal_tim.o
    0x0800b720   0x0800b720   0x00000098   Code   RO         6009    i.TIM_OC2_SetConfig  stm32h7xx_hal_tim.o
    0x0800b7b8   0x0800b7b8   0x00000098   Code   RO         6010    i.TIM_OC3_SetConfig  stm32h7xx_hal_tim.o
    0x0800b850   0x0800b850   0x00000078   Code   RO         6011    i.TIM_OC4_SetConfig  stm32h7xx_hal_tim.o
    0x0800b8c8   0x0800b8c8   0x00000074   Code   RO         6012    i.TIM_OC5_SetConfig  stm32h7xx_hal_tim.o
    0x0800b93c   0x0800b93c   0x00000074   Code   RO         6013    i.TIM_OC6_SetConfig  stm32h7xx_hal_tim.o
    0x0800b9b0   0x0800b9b0   0x0000000c   Code   RO        10229    i.TIM_SetTIM3Compare4  timer.o
    0x0800b9bc   0x0800b9bc   0x00000044   Code   RO         7352    i.UARTEx_SetNbDataToProcess  stm32h7xx_hal_uart_ex.o
    0x0800ba00   0x0800ba00   0x000000c8   Code   RO         6962    i.UART_AdvFeatureConfig  stm32h7xx_hal_uart.o
    0x0800bac8   0x0800bac8   0x00000060   Code   RO         6963    i.UART_CheckIdleState  stm32h7xx_hal_uart.o
    0x0800bb28   0x0800bb28   0x00000014   Code   RO         6964    i.UART_DMAAbortOnError  stm32h7xx_hal_uart.o
    0x0800bb3c   0x0800bb3c   0x00000054   Code   RO         6974    i.UART_EndRxTransfer  stm32h7xx_hal_uart.o
    0x0800bb90   0x0800bb90   0x000000a2   Code   RO         6976    i.UART_RxISR_16BIT  stm32h7xx_hal_uart.o
    0x0800bc32   0x0800bc32   0x00000002   PAD
    0x0800bc34   0x0800bc34   0x00000174   Code   RO         6977    i.UART_RxISR_16BIT_FIFOEN  stm32h7xx_hal_uart.o
    0x0800bda8   0x0800bda8   0x000000a2   Code   RO         6978    i.UART_RxISR_8BIT   stm32h7xx_hal_uart.o
    0x0800be4a   0x0800be4a   0x00000002   PAD
    0x0800be4c   0x0800be4c   0x00000174   Code   RO         6979    i.UART_RxISR_8BIT_FIFOEN  stm32h7xx_hal_uart.o
    0x0800bfc0   0x0800bfc0   0x000003dc   Code   RO         6980    i.UART_SetConfig    stm32h7xx_hal_uart.o
    0x0800c39c   0x0800c39c   0x00000118   Code   RO         6982    i.UART_Start_Receive_IT  stm32h7xx_hal_uart.o
    0x0800c4b4   0x0800c4b4   0x000000ca   Code   RO         6987    i.UART_WaitOnFlagUntilTimeout  stm32h7xx_hal_uart.o
    0x0800c57e   0x0800c57e   0x00000002   PAD
    0x0800c580   0x0800c580   0x0000004c   Code   RO          900    i.USART1_Init       usart.o
    0x0800c5cc   0x0800c5cc   0x00000014   Code   RO          901    i.USART1_SendData   usart.o
    0x0800c5e0   0x0800c5e0   0x0000001e   Code   RO          902    i.USART1_SendString  usart.o
    0x0800c5fe   0x0800c5fe   0x00000002   PAD
    0x0800c600   0x0800c600   0x0000000c   Code   RO          389    i.USART2_IRQHandler  stm32h7xx_it.o
    0x0800c60c   0x0800c60c   0x00000058   Code   RO          904    i.USART2_Init       usart.o
    0x0800c664   0x0800c664   0x00000002   Code   RO          390    i.UsageFault_Handler  stm32h7xx_it.o
    0x0800c666   0x0800c666   0x00000002   PAD
    0x0800c668   0x0800c668   0x00000020   Code   RO        10658    i.__0printf         mc_w.l(printfa.o)
    0x0800c688   0x0800c688   0x00000028   Code   RO        10660    i.__0sprintf        mc_w.l(printfa.o)
    0x0800c6b0   0x0800c6b0   0x00000022   Code   RO         2169    i.__NVIC_SetPriority  stm32h7xx_hal_cortex.o
    0x0800c6d2   0x0800c6d2   0x0000000e   Code   RO        10728    i.__scatterload_copy  mc_w.l(handlers.o)
    0x0800c6e0   0x0800c6e0   0x00000002   Code   RO        10729    i.__scatterload_null  mc_w.l(handlers.o)
    0x0800c6e2   0x0800c6e2   0x0000000e   Code   RO        10730    i.__scatterload_zeroinit  mc_w.l(handlers.o)
    0x0800c6f0   0x0800c6f0   0x00000184   Code   RO        10665    i._fp_digits        mc_w.l(printfa.o)
    0x0800c874   0x0800c874   0x000006b4   Code   RO        10666    i._printf_core      mc_w.l(printfa.o)
    0x0800cf28   0x0800cf28   0x00000024   Code   RO        10667    i._printf_post_padding  mc_w.l(printfa.o)
    0x0800cf4c   0x0800cf4c   0x0000002e   Code   RO        10668    i._printf_pre_padding  mc_w.l(printfa.o)
    0x0800cf7a   0x0800cf7a   0x0000000a   Code   RO        10670    i._sputc            mc_w.l(printfa.o)
    0x0800cf84   0x0800cf84   0x00000018   Code   RO          905    i.fputc             usart.o
    0x0800cf9c   0x0800cf9c   0x0000006c   Code   RO        10179    i.get_adc_data      adc.o
    0x0800d008   0x0800d008   0x00000114   Code   RO           20    i.main              main.o
    0x0800d11c   0x0800d11c   0x0000001c   Code   RO         9530    i.osDelay           cmsis_os2.o
    0x0800d138   0x0800d138   0x00000024   Code   RO         9544    i.osKernelInitialize  cmsis_os2.o
    0x0800d15c   0x0800d15c   0x00000038   Code   RO         9547    i.osKernelStart     cmsis_os2.o
    0x0800d194   0x0800d194   0x00000090   Code   RO         9589    i.osThreadNew       cmsis_os2.o
    0x0800d224   0x0800d224   0x0000005c   Code   RO         8989    i.prvAddCurrentTaskToDelayedList  tasks.o
    0x0800d280   0x0800d280   0x000000d0   Code   RO         8990    i.prvAddNewTaskToReadyList  tasks.o
    0x0800d350   0x0800d350   0x00000058   Code   RO         9354    i.prvCheckForValidListAndQueue  timers.o
    0x0800d3a8   0x0800d3a8   0x00000026   Code   RO         8586    i.prvCopyDataFromQueue  queue.o
    0x0800d3ce   0x0800d3ce   0x0000006c   Code   RO         8587    i.prvCopyDataToQueue  queue.o
    0x0800d43a   0x0800d43a   0x00000034   Code   RO         8991    i.prvDeleteTCB      tasks.o
    0x0800d46e   0x0800d46e   0x00000002   PAD
    0x0800d470   0x0800d470   0x00000050   Code   RO        10041    i.prvHeapInit       heap_4.o
    0x0800d4c0   0x0800d4c0   0x00000060   Code   RO         8992    i.prvIdleTask       tasks.o
    0x0800d520   0x0800d520   0x00000022   Code   RO         8589    i.prvInitialiseNewQueue  queue.o
    0x0800d542   0x0800d542   0x000000b0   Code   RO         8993    i.prvInitialiseNewTask  tasks.o
    0x0800d5f2   0x0800d5f2   0x00000002   PAD
    0x0800d5f4   0x0800d5f4   0x0000004c   Code   RO        10042    i.prvInsertBlockIntoFreeList  heap_4.o
    0x0800d640   0x0800d640   0x0000003c   Code   RO         9356    i.prvInsertTimerInActiveList  timers.o
    0x0800d67c   0x0800d67c   0x0000001c   Code   RO         8590    i.prvIsQueueEmpty   queue.o
    0x0800d698   0x0800d698   0x000000f8   Code   RO         9357    i.prvProcessReceivedCommands  timers.o
    0x0800d790   0x0800d790   0x000000c0   Code   RO         9358    i.prvProcessTimerOrBlockTask  timers.o
    0x0800d850   0x0800d850   0x00000020   Code   RO         8995    i.prvResetNextTaskUnblockTime  tasks.o
    0x0800d870   0x0800d870   0x00000028   Code   RO         9359    i.prvSampleTimeNow  timers.o
    0x0800d898   0x0800d898   0x0000006c   Code   RO         9360    i.prvSwitchTimerLists  timers.o
    0x0800d904   0x0800d904   0x00000028   Code   RO        10097    i.prvTaskExitError  port.o
    0x0800d92c   0x0800d92c   0x00000024   Code   RO         9361    i.prvTimerTask      timers.o
    0x0800d950   0x0800d950   0x0000006a   Code   RO         8591    i.prvUnlockQueue    queue.o
    0x0800d9ba   0x0800d9ba   0x00000002   PAD
    0x0800d9bc   0x0800d9bc   0x000000dc   Code   RO        10043    i.pvPortMalloc      heap_4.o
    0x0800da98   0x0800da98   0x00000030   Code   RO        10098    i.pxPortInitialiseStack  port.o
    0x0800dac8   0x0800dac8   0x00000026   Code   RO         8546    i.uxListRemove      list.o
    0x0800daee   0x0800daee   0x00000002   PAD
    0x0800daf0   0x0800daf0   0x00000018   Code   RO         9601    i.vApplicationGetIdleTaskMemory  cmsis_os2.o
    0x0800db08   0x0800db08   0x00000018   Code   RO         9602    i.vApplicationGetTimerTaskMemory  cmsis_os2.o
    0x0800db20   0x0800db20   0x00000016   Code   RO         8547    i.vListInitialise   list.o
    0x0800db36   0x0800db36   0x00000006   Code   RO         8548    i.vListInitialiseItem  list.o
    0x0800db3c   0x0800db3c   0x00000030   Code   RO         8549    i.vListInsert       list.o
    0x0800db6c   0x0800db6c   0x00000018   Code   RO         8550    i.vListInsertEnd    list.o
    0x0800db84   0x0800db84   0x00000040   Code   RO        10100    i.vPortEnterCritical  port.o
    0x0800dbc4   0x0800dbc4   0x00000028   Code   RO        10101    i.vPortExitCritical  port.o
    0x0800dbec   0x0800dbec   0x00000064   Code   RO        10044    i.vPortFree         heap_4.o
    0x0800dc50   0x0800dc50   0x00000024   Code   RO        10102    i.vPortSetupTimerInterrupt  port.o
    0x0800dc74   0x0800dc74   0x00000054   Code   RO        10103    i.vPortValidateInterruptPriority  port.o
    0x0800dcc8   0x0800dcc8   0x00000028   Code   RO         8597    i.vQueueAddToRegistry  queue.o
    0x0800dcf0   0x0800dcf0   0x00000044   Code   RO         8601    i.vQueueWaitForMessageRestricted  queue.o
    0x0800dd34   0x0800dd34   0x0000004c   Code   RO         9008    i.vTaskDelay        tasks.o
    0x0800dd80   0x0800dd80   0x00000010   Code   RO         9013    i.vTaskInternalSetTimeOutState  tasks.o
    0x0800dd90   0x0800dd90   0x0000000c   Code   RO         9014    i.vTaskMissedYield  tasks.o
    0x0800dd9c   0x0800dd9c   0x00000030   Code   RO         9016    i.vTaskPlaceOnEventList  tasks.o
    0x0800ddcc   0x0800ddcc   0x00000038   Code   RO         9017    i.vTaskPlaceOnEventListRestricted  tasks.o
    0x0800de04   0x0800de04   0x00000088   Code   RO         9025    i.vTaskStartScheduler  tasks.o
    0x0800de8c   0x0800de8c   0x00000010   Code   RO         9027    i.vTaskSuspendAll   tasks.o
    0x0800de9c   0x0800de9c   0x00000064   Code   RO         9028    i.vTaskSwitchContext  tasks.o
    0x0800df00   0x0800df00   0x000000f4   Code   RO        10104    i.xPortStartScheduler  port.o
    0x0800dff4   0x0800dff4   0x0000002c   Code   RO        10105    i.xPortSysTickHandler  port.o
    0x0800e020   0x0800e020   0x00000066   Code   RO         8607    i.xQueueGenericCreateStatic  queue.o
    0x0800e086   0x0800e086   0x00000002   PAD
    0x0800e088   0x0800e088   0x00000094   Code   RO         8608    i.xQueueGenericReset  queue.o
    0x0800e11c   0x0800e11c   0x00000160   Code   RO         8609    i.xQueueGenericSend  queue.o
    0x0800e27c   0x0800e27c   0x000000be   Code   RO         8610    i.xQueueGenericSendFromISR  queue.o
    0x0800e33a   0x0800e33a   0x00000002   PAD
    0x0800e33c   0x0800e33c   0x0000013c   Code   RO         8619    i.xQueueReceive     queue.o
    0x0800e478   0x0800e478   0x00000078   Code   RO         9030    i.xTaskCheckForTimeOut  tasks.o
    0x0800e4f0   0x0800e4f0   0x0000005a   Code   RO         9031    i.xTaskCreate       tasks.o
    0x0800e54a   0x0800e54a   0x00000056   Code   RO         9032    i.xTaskCreateStatic  tasks.o
    0x0800e5a0   0x0800e5a0   0x0000001c   Code   RO         9036    i.xTaskGetSchedulerState  tasks.o
    0x0800e5bc   0x0800e5bc   0x0000000c   Code   RO         9037    i.xTaskGetTickCount  tasks.o
    0x0800e5c8   0x0800e5c8   0x000000c8   Code   RO         9039    i.xTaskIncrementTick  tasks.o
    0x0800e690   0x0800e690   0x0000007c   Code   RO         9042    i.xTaskPriorityDisinherit  tasks.o
    0x0800e70c   0x0800e70c   0x00000070   Code   RO         9044    i.xTaskRemoveFromEventList  tasks.o
    0x0800e77c   0x0800e77c   0x000000c4   Code   RO         9045    i.xTaskResumeAll    tasks.o
    0x0800e840   0x0800e840   0x00000060   Code   RO         9370    i.xTimerCreateTimerTask  timers.o
    0x0800e8a0   0x0800e8a0   0x00000068   Code   RO         9371    i.xTimerGenericCommand  timers.o
    0x0800e908   0x0800e908   0x0000006c   Data   RO           22    .constdata          main.o
    0x0800e974   0x0800e974   0x000002c0   Data   RO         1556    .constdata          lcd_fonts.o
    0x0800ec34   0x0800ec34   0x00000870   Data   RO         1558    .constdata          lcd_fonts.o
    0x0800f4a4   0x0800f4a4   0x000017c0   Data   RO         1560    .constdata          lcd_fonts.o
    0x08010c64   0x08010c64   0x000011d0   Data   RO         1561    .constdata          lcd_fonts.o
    0x08011e34   0x08011e34   0x00000ed8   Data   RO         1562    .constdata          lcd_fonts.o
    0x08012d0c   0x08012d0c   0x000005f0   Data   RO         1563    .constdata          lcd_fonts.o
    0x080132fc   0x080132fc   0x00000474   Data   RO         1564    .constdata          lcd_fonts.o
    0x08013770   0x08013770   0x0000017a   Data   RO         1826    .constdata          dcmi_ov2640.o
    0x080138ea   0x080138ea   0x00001415   Data   RO         1998    .constdata          dcmi_ov5640.o
    0x08014cff   0x08014cff   0x00000008   Data   RO         3064    .constdata          stm32h7xx_hal_dma.o
    0x08014d07   0x08014d07   0x00000001   PAD
    0x08014d08   0x08014d08   0x00000018   Data   RO         6988    .constdata          stm32h7xx_hal_uart.o
    0x08014d20   0x08014d20   0x00000010   Data   RO         7353    .constdata          stm32h7xx_hal_uart_ex.o
    0x08014d30   0x08014d30   0x00000010   Data   RO         8383    .constdata          system_stm32h7xx.o
    0x08014d40   0x08014d40   0x00000020   Data   RO        10726    Region$$Table       anon$$obj.o


    Execution Region RW_IRAM1 (Exec base: 0x20000000, Load base: 0x08014d60, Size: 0x00009828, Max: 0x00200000, ABSOLUTE, COMPRESSED[0x0000005c])

    Exec Addr    Load Addr    Size         Type   Attr      Idx    E Section Name        Object

    0x20000000   COMPRESSED   0x00000018   Data   RW           23    .data               main.o
    0x20000018   COMPRESSED   0x00000002   Data   RW          537    .data               lcd_test.o
    0x2000001a   COMPRESSED   0x00000002   PAD
    0x2000001c   COMPRESSED   0x0000000c   Data   RW          591    .data               memory_test.o
    0x20000028   COMPRESSED   0x00000006   Data   RW          627    .data               camera_test.o
    0x2000002e   COMPRESSED   0x00000002   Data   RW          907    .data               usart.o
    0x20000030   COMPRESSED   0x0000000c   Data   RW         1327    .data               lcd_spi_096.o
    0x2000003c   COMPRESSED   0x0000000c   Data   RW         1566    .data               lcd_fonts.o
    0x20000048   COMPRESSED   0x0000000c   Data   RW         1568    .data               lcd_fonts.o
    0x20000054   COMPRESSED   0x0000000c   Data   RW         1570    .data               lcd_fonts.o
    0x20000060   COMPRESSED   0x0000000c   Data   RW         1571    .data               lcd_fonts.o
    0x2000006c   COMPRESSED   0x0000000c   Data   RW         1572    .data               lcd_fonts.o
    0x20000078   COMPRESSED   0x0000000c   Data   RW         1573    .data               lcd_fonts.o
    0x20000084   COMPRESSED   0x0000000c   Data   RW         1574    .data               lcd_fonts.o
    0x20000090   COMPRESSED   0x00000001   Data   RW         1602    .data               lcd_identification.o
    0x20000091   COMPRESSED   0x00000003   PAD
    0x20000094   COMPRESSED   0x0000000c   Data   RW         1828    .data               dcmi_ov2640.o
    0x200000a0   COMPRESSED   0x0000000c   Data   RW         3839    .data               stm32h7xx_hal.o
    0x200000ac   COMPRESSED   0x00000008   Data   RW         8384    .data               system_stm32h7xx.o
    0x200000b4   COMPRESSED   0x0000003c   Data   RW         9048    .data               tasks.o
    0x200000f0   COMPRESSED   0x00000014   Data   RW         9379    .data               timers.o
    0x20000104   COMPRESSED   0x00000004   Data   RW         9604    .data               cmsis_os2.o
    0x20000108   COMPRESSED   0x00000020   Data   RW        10050    .data               heap_4.o
    0x20000128   COMPRESSED   0x0000000c   Data   RW        10106    .data               port.o
    0x20000134   COMPRESSED   0x00000004   Data   RW        10297    .data               iic.o
    0x20000138   COMPRESSED   0x00000004   Data   RW        10702    .data               mc_w.l(stdout.o)
    0x2000013c        -       0x00000014   Zero   RW           21    .bss                main.o
    0x20000150        -       0x0000004c   Zero   RW          495    .bss                stm32h7xx_hal_timebase_tim.o
    0x2000019c        -       0x00000284   Zero   RW          906    .bss                usart.o
    0x20000420        -       0x00000028   Zero   RW          977    .bss                rtc.o
    0x20000448        -       0x00000060   Zero   RW         1022    .bss                ospi_w25q64.o
    0x200004a8        -       0x0000007c   Zero   RW         1138    .bss                sdmmc_sd.o
    0x20000524        -       0x00000898   Zero   RW         1326    .bss                lcd_spi_096.o
    0x20000dbc        -       0x000000c8   Zero   RW         1825    .bss                dcmi_ov2640.o
    0x20000e84        -       0x00000040   Zero   RW         8623    .bss                queue.o
    0x20000ec4        -       0x000004c4   Zero   RW         9047    .bss                tasks.o
    0x20001388        -       0x00000118   Zero   RW         9378    .bss                timers.o
    0x200014a0        -       0x000006b8   Zero   RW         9603    .bss                cmsis_os2.o
    0x20001b58        -       0x00003c00   Zero   RW        10049    .bss                heap_4.o
    0x20005758        -       0x00000064   Zero   RW        10180    .bss                adc.o
    0x200057bc        -       0x00000068   Zero   RW        10230    .bss                timer.o
    0x20005824   COMPRESSED   0x00000004   PAD
    0x20005828        -       0x00004000   Zero   RW            1    STACK               startup_stm32h7b0xx.o


==============================================================================

Image component sizes


      Code (inc. data)   RO Data    RW Data    ZI Data      Debug   Object Name

       396         52          0          0        100       2568   adc.o
       432        136          0          6          0       1911   camera_test.o
       338         22          0          4       1720      70903   cmsis_os2.o
       996        104        378         12        200      10009   dcmi_ov2640.o
       822        130       5141          0          0       9843   dcmi_ov5640.o
         0          0          0          0          0      19424   event_groups.o
       476         24          0         32      15360       4843   heap_4.o
      1006         78          0          4          0       9466   iic.o
         0          0      19964         84          0       1907   lcd_fonts.o
      1102         90          0          1          0       7965   lcd_identification.o
      3886        288          0         12       2200      20864   lcd_spi_096.o
       344         58          0          2          0       1436   lcd_test.o
        80         10          0          0          0        919   led.o
       138          0          0          0          0       3518   list.o
      1102        114        108         24         20    1334865   main.o
         0          0          0         12          0        817   memory_test.o
       628         94          0          0         96       3599   ospi_w25q64.o
       790         84          0         12          0      11461   port.o
      1530         22          0          0         64      17416   queue.o
        72         18          0          0         40       1491   rtc.o
      1084         44          0          0          0      10138   sccb.o
       344         36          0          0        124       5428   sdmmc_sd.o
        36          8        684          0      16384        832   startup_stm32h7b0xx.o
       156         32          0         12          0      22670   stm32h7xx_hal.o
      2288        170          0          0          0      72619   stm32h7xx_hal_adc.o
       228         12          0          0          0      62207   stm32h7xx_hal_adc_ex.o
       316         28          0          0          0      40936   stm32h7xx_hal_cortex.o
       830         20          0          0          0       7598   stm32h7xx_hal_dcmi.o
      6176        254          8          0          0      11862   stm32h7xx_hal_dma.o
      1432         56          0          0          0       3313   stm32h7xx_hal_dma_ex.o
       576         50          0          0          0       2835   stm32h7xx_hal_gpio.o
        36          4          0          0          0        818   stm32h7xx_hal_msp.o
      2462         46          0          0          0      10718   stm32h7xx_hal_ospi.o
        16          4          0          0          0        543   stm32h7xx_hal_pwr.o
        84          6          0          0          0        785   stm32h7xx_hal_pwr_ex.o
      2508        118          0          0          0       7709   stm32h7xx_hal_rcc.o
      4312        192          0          0          0      10307   stm32h7xx_hal_rcc_ex.o
       360         10          0          0          0       3583   stm32h7xx_hal_rtc.o
      3296         72          0          0          0      18380   stm32h7xx_hal_sd.o
      1156         14          0          0          0       4638   stm32h7xx_hal_spi.o
      2340        260          0          0          0      14608   stm32h7xx_hal_tim.o
         6          0          0          0          0       2172   stm32h7xx_hal_tim_ex.o
       132         22          0          0         76       1439   stm32h7xx_hal_timebase_tim.o
      4188        186         24          0          0      37050   stm32h7xx_hal_uart.o
       290          6         16          0          0       5358   stm32h7xx_hal_uart_ex.o
        66         24          0          0          0       5087   stm32h7xx_it.o
      1634         72          0          0          0      22000   stm32h7xx_ll_sdmmc.o
         0          0          0          0          0        392   stream_buffer.o
       114          0          0          0          0       1304   syn6288.o
       192         34         16          8          0       1362   system_stm32h7xx.o
      2084        162          0         60       1220      26792   tasks.o
       236         42          0          0        104       3364   timer.o
       972         84          0         20        280      32015   timers.o
       950        240          0          2        644       7700   usart.o

    ----------------------------------------------------------------------
     55134       3632      26372        312      38636    1993787   Object Totals
         0          0         32          0          0          0   (incl. Generated)
        96          0          1          5          4          0   (incl. Padding)

    ----------------------------------------------------------------------

      Code (inc. data)   RO Data    RW Data    ZI Data      Debug   Library Member Name

        86          0          0          0          0          0   __dczerorl2.o
         0          0          0          0          0          0   entry.o
         0          0          0          0          0          0   entry10a.o
         0          0          0          0          0          0   entry11a.o
         4          0          0          0          0          0   entry12b.o
         8          4          0          0          0          0   entry2.o
         4          0          0          0          0          0   entry5.o
         0          0          0          0          0          0   entry7b.o
         0          0          0          0          0          0   entry8b.o
         8          4          0          0          0          0   entry9a.o
        30          0          0          0          0          0   handlers.o
        36          8          0          0          0         68   init.o
         0          0          0          0          0          0   iusefp.o
        30          0          0          0          0         68   llshl.o
        36          0          0          0          0         68   llsshr.o
        32          0          0          0          0         68   llushr.o
        36          0          0          0          0         68   memcpya.o
        36          0          0          0          0        108   memseta.o
      2268         96          0          0          0        616   printfa.o
         0          0          0          4          0          0   stdout.o
        14          0          0          0          0         68   strlen.o
        44          0          0          0          0         80   uidiv.o
        98          0          0          0          0         92   uldiv.o
        48          0          0          0          0         68   cdrcmple.o
       334          0          0          0          0        148   dadd.o
       222          0          0          0          0        100   ddiv.o
       186          0          0          0          0        176   depilogue.o
        48          0          0          0          0         68   dfixul.o
       228          0          0          0          0         96   dmul.o

    ----------------------------------------------------------------------
      3838        112          0          4          0       1960   Library Totals
         2          0          0          0          0          0   (incl. Padding)

    ----------------------------------------------------------------------

      Code (inc. data)   RO Data    RW Data    ZI Data      Debug   Library Name

      2770        112          0          4          0       1304   mc_w.l
      1066          0          0          0          0        656   mf_w.l

    ----------------------------------------------------------------------
      3838        112          0          4          0       1960   Library Totals

    ----------------------------------------------------------------------

==============================================================================


      Code (inc. data)   RO Data    RW Data    ZI Data      Debug   

     58972       3744      26372        316      38636    1956543   Grand Totals
     58972       3744      26372         92      38636    1956543   ELF Image Totals (compressed)
     58972       3744      26372         92          0          0   ROM Totals

==============================================================================

    Total RO  Size (Code + RO Data)                85344 (  83.34kB)
    Total RW  Size (RW Data + ZI Data)             38952 (  38.04kB)
    Total ROM Size (Code + RO Data + RW Data)      85436 (  83.43kB)

==============================================================================

